Archive member included to satisfy reference by file (symbol)

c:/st/stm32cubeide_1.6.1/stm32cubeide/plugins/com.st.stm32cube.ide.mcu.externaltools.gnu-tools-for-stm32.9-2020-q2-update.win32_1.5.0.202011040924/tools/bin/../lib/gcc/arm-none-eabi/9.3.1/../../../../arm-none-eabi/lib/thumb/v7e-m+fp/hard\libc_nano.a(lib_a-errno.o)
                              Core/Src/retarget.o (__errno)
c:/st/stm32cubeide_1.6.1/stm32cubeide/plugins/com.st.stm32cube.ide.mcu.externaltools.gnu-tools-for-stm32.9-2020-q2-update.win32_1.5.0.202011040924/tools/bin/../lib/gcc/arm-none-eabi/9.3.1/../../../../arm-none-eabi/lib/thumb/v7e-m+fp/hard\libc_nano.a(lib_a-exit.o)
                              c:/st/stm32cubeide_1.6.1/stm32cubeide/plugins/com.st.stm32cube.ide.mcu.externaltools.gnu-tools-for-stm32.9-2020-q2-update.win32_1.5.0.202011040924/tools/bin/../lib/gcc/arm-none-eabi/9.3.1/../../../../arm-none-eabi/lib/thumb/v7e-m+fp/hard/crt0.o (exit)
c:/st/stm32cubeide_1.6.1/stm32cubeide/plugins/com.st.stm32cube.ide.mcu.externaltools.gnu-tools-for-stm32.9-2020-q2-update.win32_1.5.0.202011040924/tools/bin/../lib/gcc/arm-none-eabi/9.3.1/../../../../arm-none-eabi/lib/thumb/v7e-m+fp/hard\libc_nano.a(lib_a-findfp.o)
                              Middlewares/Third_Party/FreeRTOS/Source/tasks.o (__sf_fake_stderr)
c:/st/stm32cubeide_1.6.1/stm32cubeide/plugins/com.st.stm32cube.ide.mcu.externaltools.gnu-tools-for-stm32.9-2020-q2-update.win32_1.5.0.202011040924/tools/bin/../lib/gcc/arm-none-eabi/9.3.1/../../../../arm-none-eabi/lib/thumb/v7e-m+fp/hard\libc_nano.a(lib_a-fwalk.o)
                              c:/st/stm32cubeide_1.6.1/stm32cubeide/plugins/com.st.stm32cube.ide.mcu.externaltools.gnu-tools-for-stm32.9-2020-q2-update.win32_1.5.0.202011040924/tools/bin/../lib/gcc/arm-none-eabi/9.3.1/../../../../arm-none-eabi/lib/thumb/v7e-m+fp/hard\libc_nano.a(lib_a-findfp.o) (_fwalk)
c:/st/stm32cubeide_1.6.1/stm32cubeide/plugins/com.st.stm32cube.ide.mcu.externaltools.gnu-tools-for-stm32.9-2020-q2-update.win32_1.5.0.202011040924/tools/bin/../lib/gcc/arm-none-eabi/9.3.1/../../../../arm-none-eabi/lib/thumb/v7e-m+fp/hard\libc_nano.a(lib_a-impure.o)
                              c:/st/stm32cubeide_1.6.1/stm32cubeide/plugins/com.st.stm32cube.ide.mcu.externaltools.gnu-tools-for-stm32.9-2020-q2-update.win32_1.5.0.202011040924/tools/bin/../lib/gcc/arm-none-eabi/9.3.1/../../../../arm-none-eabi/lib/thumb/v7e-m+fp/hard\libc_nano.a(lib_a-exit.o) (_global_impure_ptr)
c:/st/stm32cubeide_1.6.1/stm32cubeide/plugins/com.st.stm32cube.ide.mcu.externaltools.gnu-tools-for-stm32.9-2020-q2-update.win32_1.5.0.202011040924/tools/bin/../lib/gcc/arm-none-eabi/9.3.1/../../../../arm-none-eabi/lib/thumb/v7e-m+fp/hard\libc_nano.a(lib_a-init.o)
                              c:/st/stm32cubeide_1.6.1/stm32cubeide/plugins/com.st.stm32cube.ide.mcu.externaltools.gnu-tools-for-stm32.9-2020-q2-update.win32_1.5.0.202011040924/tools/bin/../lib/gcc/arm-none-eabi/9.3.1/../../../../arm-none-eabi/lib/thumb/v7e-m+fp/hard/crt0.o (__libc_init_array)
c:/st/stm32cubeide_1.6.1/stm32cubeide/plugins/com.st.stm32cube.ide.mcu.externaltools.gnu-tools-for-stm32.9-2020-q2-update.win32_1.5.0.202011040924/tools/bin/../lib/gcc/arm-none-eabi/9.3.1/../../../../arm-none-eabi/lib/thumb/v7e-m+fp/hard\libc_nano.a(lib_a-lock.o)
                              c:/st/stm32cubeide_1.6.1/stm32cubeide/plugins/com.st.stm32cube.ide.mcu.externaltools.gnu-tools-for-stm32.9-2020-q2-update.win32_1.5.0.202011040924/tools/bin/../lib/gcc/arm-none-eabi/9.3.1/../../../../arm-none-eabi/lib/thumb/v7e-m+fp/hard\libc_nano.a(lib_a-findfp.o) (__retarget_lock_init_recursive)
c:/st/stm32cubeide_1.6.1/stm32cubeide/plugins/com.st.stm32cube.ide.mcu.externaltools.gnu-tools-for-stm32.9-2020-q2-update.win32_1.5.0.202011040924/tools/bin/../lib/gcc/arm-none-eabi/9.3.1/../../../../arm-none-eabi/lib/thumb/v7e-m+fp/hard\libc_nano.a(lib_a-memccpy.o)
                              Core/Src/stm32f4xx_it.o (memccpy)
c:/st/stm32cubeide_1.6.1/stm32cubeide/plugins/com.st.stm32cube.ide.mcu.externaltools.gnu-tools-for-stm32.9-2020-q2-update.win32_1.5.0.202011040924/tools/bin/../lib/gcc/arm-none-eabi/9.3.1/../../../../arm-none-eabi/lib/thumb/v7e-m+fp/hard\libc_nano.a(lib_a-memcpy-stub.o)
                              Middlewares/Third_Party/FreeRTOS/Source/CMSIS_RTOS_V2/cmsis_os2.o (memcpy)
c:/st/stm32cubeide_1.6.1/stm32cubeide/plugins/com.st.stm32cube.ide.mcu.externaltools.gnu-tools-for-stm32.9-2020-q2-update.win32_1.5.0.202011040924/tools/bin/../lib/gcc/arm-none-eabi/9.3.1/../../../../arm-none-eabi/lib/thumb/v7e-m+fp/hard\libc_nano.a(lib_a-memset.o)
                              c:/st/stm32cubeide_1.6.1/stm32cubeide/plugins/com.st.stm32cube.ide.mcu.externaltools.gnu-tools-for-stm32.9-2020-q2-update.win32_1.5.0.202011040924/tools/bin/../lib/gcc/arm-none-eabi/9.3.1/../../../../arm-none-eabi/lib/thumb/v7e-m+fp/hard/crt0.o (memset)
[...]
Memory Configuration

Name             Origin             Length             Attributes
CCMRAM           0x0000000010000000 0x0000000000010000 xrw
RAM              0x0000000020000000 0x0000000000030000 xrw
FLASH            0x0000000008000000 0x0000000000200000 xr
*default*        0x0000000000000000 0xffffffffffffffff

Linker script and memory map

LOAD c:/st/stm32cubeide_1.6.1/stm32cubeide/plugins/com.st.stm32cube.ide.mcu.externaltools.gnu-tools-for-stm32.9-2020-q2-update.win32_1.5.0.202011040924/tools/bin/../lib/gcc/arm-none-eabi/9.3.1/thumb/v7e-m+fp/hard/crti.o
LOAD c:/st/stm32cubeide_1.6.1/stm32cubeide/plugins/com.st.stm32cube.ide.mcu.externaltools.gnu-tools-for-stm32.9-2020-q2-update.win32_1.5.0.202011040924/tools/bin/../lib/gcc/arm-none-eabi/9.3.1/thumb/v7e-m+fp/hard/crtbegin.o
LOAD c:/st/stm32cubeide_1.6.1/stm32cubeide/plugins/com.st.stm32cube.ide.mcu.externaltools.gnu-tools-for-stm32.9-2020-q2-update.win32_1.5.0.202011040924/tools/bin/../lib/gcc/arm-none-eabi/9.3.1/../../../../arm-none-eabi/lib/thumb/v7e-m+fp/hard/crt0.o
LOAD Core/Src/can.o
LOAD Core/Src/fatfs_sd.o
LOAD Core/Src/freertos.o
LOAD Core/Src/gpio.o
LOAD Core/Src/main.o
LOAD Core/Src/retarget.o
LOAD Core/Src/spi.o
LOAD Core/Src/stm32f4xx_hal_msp.o
LOAD Core/Src/stm32f4xx_hal_timebase_tim.o
LOAD Core/Src/stm32f4xx_it.o
LOAD Core/Src/sysmem.o
LOAD Core/Src/system_stm32f4xx.o
LOAD Core/Src/usart.o
LOAD Core/Startup/startup_stm32f429zitx.o
LOAD Drivers/STM32F4xx_HAL_Driver/Src/stm32f4xx_hal.o
LOAD Drivers/STM32F4xx_HAL_Driver/Src/stm32f4xx_hal_can.o
LOAD Drivers/STM32F4xx_HAL_Driver/Src/stm32f4xx_hal_cortex.o
LOAD Drivers/STM32F4xx_HAL_Driver/Src/stm32f4xx_hal_dma.o
LOAD Drivers/STM32F4xx_HAL_Driver/Src/stm32f4xx_hal_dma_ex.o
LOAD Drivers/STM32F4xx_HAL_Driver/Src/stm32f4xx_hal_exti.o
LOAD Drivers/STM32F4xx_HAL_Driver/Src/stm32f4xx_hal_flash.o
LOAD Drivers/STM32F4xx_HAL_Driver/Src/stm32f4xx_hal_flash_ex.o
LOAD Drivers/STM32F4xx_HAL_Driver/Src/stm32f4xx_hal_flash_ramfunc.o
LOAD Drivers/STM32F4xx_HAL_Driver/Src/stm32f4xx_hal_gpio.o
LOAD Drivers/STM32F4xx_HAL_Driver/Src/stm32f4xx_hal_pwr.o
LOAD Drivers/STM32F4xx_HAL_Driver/Src/stm32f4xx_hal_pwr_ex.o
LOAD Drivers/STM32F4xx_HAL_Driver/Src/stm32f4xx_hal_rcc.o
LOAD Drivers/STM32F4xx_HAL_Driver/Src/stm32f4xx_hal_rcc_ex.o
LOAD Drivers/STM32F4xx_HAL_Driver/Src/stm32f4xx_hal_spi.o
LOAD Drivers/STM32F4xx_HAL_Driver/Src/stm32f4xx_hal_tim.o
LOAD Drivers/STM32F4xx_HAL_Driver/Src/stm32f4xx_hal_tim_ex.o
LOAD Drivers/STM32F4xx_HAL_Driver/Src/stm32f4xx_hal_uart.o
LOAD FATFS/App/fatfs.o
LOAD FATFS/Target/user_diskio.o
LOAD Middlewares/Third_Party/FatFs/src/diskio.o
LOAD Middlewares/Third_Party/FatFs/src/ff.o
LOAD Middlewares/Third_Party/FatFs/src/ff_gen_drv.o
LOAD Middlewares/Third_Party/FatFs/src/option/ccsbcs.o
LOAD Middlewares/Third_Party/FatFs/src/option/syscall.o
LOAD Middlewares/Third_Party/FreeRTOS/Source/CMSIS_RTOS_V2/cmsis_os2.o
LOAD Middlewares/Third_Party/FreeRTOS/Source/croutine.o
LOAD Middlewares/Third_Party/FreeRTOS/Source/event_groups.o
LOAD Middlewares/Third_Party/FreeRTOS/Source/list.o
LOAD Middlewares/Third_Party/FreeRTOS/Source/queue.o
LOAD Middlewares/Third_Party/FreeRTOS/Source/stream_buffer.o
LOAD Middlewares/Third_Party/FreeRTOS/Source/tasks.o
LOAD Middlewares/Third_Party/FreeRTOS/Source/timers.o
LOAD Middlewares/Third_Party/FreeRTOS/Source/portable/GCC/ARM_CM4F/port.o
LOAD Middlewares/Third_Party/FreeRTOS/Source/portable/MemMang/heap_4.o
START GROUP
LOAD c:/st/stm32cubeide_1.6.1/stm32cubeide/plugins/com.st.stm32cube.ide.mcu.externaltools.gnu-tools-for-stm32.9-2020-q2-update.win32_1.5.0.202011040924/tools/bin/../lib/gcc/arm-none-eabi/9.3.1/../../../../arm-none-eabi/lib/thumb/v7e-m+fp/hard\libc_nano.a
LOAD c:/st/stm32cubeide_1.6.1/stm32cubeide/plugins/com.st.stm32cube.ide.mcu.externaltools.gnu-tools-for-stm32.9-2020-q2-update.win32_1.5.0.202011040924/tools/bin/../lib/gcc/arm-none-eabi/9.3.1/../../../../arm-none-eabi/lib/thumb/v7e-m+fp/hard\libm.a
END GROUP
START GROUP
LOAD c:/st/stm32cubeide_1.6.1/stm32cubeide/plugins/com.st.stm32cube.ide.mcu.externaltools.gnu-tools-for-stm32.9-2020-q2-update.win32_1.5.0.202011040924/tools/bin/../lib/gcc/arm-none-eabi/9.3.1/thumb/v7e-m+fp/hard\libgcc.a
LOAD c:/st/stm32cubeide_1.6.1/stm32cubeide/plugins/com.st.stm32cube.ide.mcu.externaltools.gnu-tools-for-stm32.9-2020-q2-update.win32_1.5.0.202011040924/tools/bin/../lib/gcc/arm-none-eabi/9.3.1/../../../../arm-none-eabi/lib/thumb/v7e-m+fp/hard\libc_nano.a
END GROUP
START GROUP
LOAD c:/st/stm32cubeide_1.6.1/stm32cubeide/plugins/com.st.stm32cube.ide.mcu.externaltools.gnu-tools-for-stm32.9-2020-q2-update.win32_1.5.0.202011040924/tools/bin/../lib/gcc/arm-none-eabi/9.3.1/thumb/v7e-m+fp/hard\libgcc.a
LOAD c:/st/stm32cubeide_1.6.1/stm32cubeide/plugins/com.st.stm32cube.ide.mcu.externaltools.gnu-tools-for-stm32.9-2020-q2-update.win32_1.5.0.202011040924/tools/bin/../lib/gcc/arm-none-eabi/9.3.1/../../../../arm-none-eabi/lib/thumb/v7e-m+fp/hard\libc_nano.a
LOAD c:/st/stm32cubeide_1.6.1/stm32cubeide/plugins/com.st.stm32cube.ide.mcu.externaltools.gnu-tools-for-stm32.9-2020-q2-update.win32_1.5.0.202011040924/tools/bin/../lib/gcc/arm-none-eabi/9.3.1/../../../../arm-none-eabi/lib/thumb/v7e-m+fp/hard\libnosys.a
END GROUP
START GROUP
LOAD c:/st/stm32cubeide_1.6.1/stm32cubeide/plugins/com.st.stm32cube.ide.mcu.externaltools.gnu-tools-for-stm32.9-2020-q2-update.win32_1.5.0.202011040924/tools/bin/../lib/gcc/arm-none-eabi/9.3.1/thumb/v7e-m+fp/hard\libgcc.a
LOAD c:/st/stm32cubeide_1.6.1/stm32cubeide/plugins/com.st.stm32cube.ide.mcu.externaltools.gnu-tools-for-stm32.9-2020-q2-update.win32_1.5.0.202011040924/tools/bin/../lib/gcc/arm-none-eabi/9.3.1/../../../../arm-none-eabi/lib/thumb/v7e-m+fp/hard\libc_nano.a
LOAD c:/st/stm32cubeide_1.6.1/stm32cubeide/plugins/com.st.stm32cube.ide.mcu.externaltools.gnu-tools-for-stm32.9-2020-q2-update.win32_1.5.0.202011040924/tools/bin/../lib/gcc/arm-none-eabi/9.3.1/../../../../arm-none-eabi/lib/thumb/v7e-m+fp/hard\libnosys.a
END GROUP
LOAD c:/st/stm32cubeide_1.6.1/stm32cubeide/plugins/com.st.stm32cube.ide.mcu.externaltools.gnu-tools-for-stm32.9-2020-q2-update.win32_1.5.0.202011040924/tools/bin/../lib/gcc/arm-none-eabi/9.3.1/thumb/v7e-m+fp/hard/crtend.o
LOAD c:/st/stm32cubeide_1.6.1/stm32cubeide/plugins/com.st.stm32cube.ide.mcu.externaltools.gnu-tools-for-stm32.9-2020-q2-update.win32_1.5.0.202011040924/tools/bin/../lib/gcc/arm-none-eabi/9.3.1/thumb/v7e-m+fp/hard/crtn.o
                0x0000000020030000                _estack = (ORIGIN (RAM) + LENGTH (RAM))
                0x0000000000000aaa                _Min_Heap_Size = 0xaaa
                0x0000000000000aaa                _Min_Stack_Size = 0xaaa

.isr_vector     0x0000000008000000      0x1ac
                0x0000000008000000                . = ALIGN (0x4)
 *(.isr_vector)
 .isr_vector    0x0000000008000000      0x1ac Core/Startup/startup_stm32f429zitx.o
                0x0000000008000000                g_pfnVectors
                0x00000000080001ac                . = ALIGN (0x4)

.text           0x00000000080001b0     0xe054
                0x00000000080001b0                . = ALIGN (0x4)
 *(.text)
 .text          0x00000000080001b0       0x40 c:/st/stm32cubeide_1.6.1/stm32cubeide/plugins/com.st.stm32cube.ide.mcu.externaltools.gnu-tools-for-stm32.9-2020-q2-update.win32_1.5.0.202011040924/tools/bin/../lib/gcc/arm-none-eabi/9.3.1/thumb/v7e-m+fp/hard/crtbegin.o
 .text          0x00000000080001f0       0xa0 c:/st/stm32cubeide_1.6.1/stm32cubeide/plugins/com.st.stm32cube.ide.mcu.externaltools.gnu-tools-for-stm32.9-2020-q2-update.win32_1.5.0.202011040924/tools/bin/../lib/gcc/arm-none-eabi/9.3.1/../../../../arm-none-eabi/lib/thumb/v7e-m+fp/hard\libc_nano.a(lib_a-memchr.o)
                0x00000000080001f0                memchr
 .text          0x0000000008000290      0x254 c:/st/stm32cubeide_1.6.1/stm32cubeide/plugins/com.st.stm32cube.ide.mcu.externaltools.gnu-tools-for-stm32.9-2020-q2-update.win32_1.5.0.202011040924/tools/bin/../lib/gcc/arm-none-eabi/9.3.1/thumb/v7e-m+fp/hard\libgcc.a(_arm_muldf3.o)
                0x0000000008000290                __muldf3
                0x0000000008000290                __aeabi_dmul
 .text          0x00000000080004e4      0x378 c:/st/stm32cubeide_1.6.1/stm32cubeide/plugins/com.st.stm32cube.ide.mcu.externaltools.gnu-tools-for-stm32.9-2020-q2-update.win32_1.5.0.202011040924/tools/bin/../lib/gcc/arm-none-eabi/9.3.1/thumb/v7e-m+fp/hard\libgcc.a(_arm_addsubdf3.o)
                0x00000000080004e4                __aeabi_drsub
                0x00000000080004ec                __aeabi_dsub
                0x00000000080004ec                __subdf3
                0x00000000080004f0                __aeabi_dadd
                0x00000000080004f0                __adddf3
                0x0000000008000768                __floatunsidf
                0x0000000008000768                __aeabi_ui2d
                0x0000000008000788                __floatsidf
                0x0000000008000788                __aeabi_i2d
                0x00000000080007ac                __aeabi_f2d
                0x00000000080007ac                __extendsfdf2
                0x00000000080007f0                __floatundidf
                0x00000000080007f0                __aeabi_ul2d
                0x0000000008000800                __floatdidf
                0x0000000008000800                __aeabi_l2d
 .text          0x000000000800085c       0x40 c:/st/stm32cubeide_1.6.1/stm32cubeide/plugins/com.st.stm32cube.ide.mcu.externaltools.gnu-tools-for-stm32.9-2020-q2-update.win32_1.5.0.202011040924/tools/bin/../lib/gcc/arm-none-eabi/9.3.1/thumb/v7e-m+fp/hard\libgcc.a(_arm_fixunsdfsi.o)
                0x000000000800085c                __aeabi_d2uiz
                0x000000000800085c                __fixunsdfsi
 .text          0x000000000800089c       0x30 c:/st/stm32cubeide_1.6.1/stm32cubeide/plugins/com.st.stm32cube.ide.mcu.externaltools.gnu-tools-for-stm32.9-2020-q2-update.win32_1.5.0.202011040924/tools/bin/../lib/gcc/arm-none-eabi/9.3.1/thumb/v7e-m+fp/hard\libgcc.a(_aeabi_uldivmod.o)
                0x000000000800089c                __aeabi_uldivmod
 .text          0x00000000080008cc      0x2c4 c:/st/stm32cubeide_1.6.1/stm32cubeide/plugins/com.st.stm32cube.ide.mcu.externaltools.gnu-tools-for-stm32.9-2020-q2-update.win32_1.5.0.202011040924/tools/bin/../lib/gcc/arm-none-eabi/9.3.1/thumb/v7e-m+fp/hard\libgcc.a(_udivmoddi4.o)
                0x00000000080008cc                __udivmoddi4
 .text          0x0000000008000b90        0x4 c:/st/stm32cubeide_1.6.1/stm32cubeide/plugins/com.st.stm32cube.ide.mcu.externaltools.gnu-tools-for-stm32.9-2020-q2-update.win32_1.5.0.202011040924/tools/bin/../lib/gcc/arm-none-eabi/9.3.1/thumb/v7e-m+fp/hard\libgcc.a(_dvmd_tls.o)
                0x0000000008000b90                __aeabi_idiv0
                0x0000000008000b90                __aeabi_ldiv0
 *(.text*)
 .text.MX_CAN1_Init
                0x0000000008000b94       0x6c Core/Src/can.o
                0x0000000008000b94                MX_CAN1_Init
 .text.HAL_CAN_MspInit
                0x0000000008000c00       0xa0 Core/Src/can.o
                0x0000000008000c00                HAL_CAN_MspInit
 .text.SELECT   0x0000000008000ca0       0x1c Core/Src/fatfs_sd.o
 .text.DESELECT
                0x0000000008000cbc       0x1c Core/Src/fatfs_sd.o
 .text.SPI_TxByte
                0x0000000008000cd8       0x34 Core/Src/fatfs_sd.o
 .text.SPI_TxBuffer
                0x0000000008000d0c       0x34 Core/Src/fatfs_sd.o
 .text.SPI_RxByte
                0x0000000008000d40       0x38 Core/Src/fatfs_sd.o
 .text.SPI_RxBytePtr
                0x0000000008000d78       0x1c Core/Src/fatfs_sd.o
 .text.SD_ReadyWait
                0x0000000008000d94       0x34 Core/Src/fatfs_sd.o
 .text.SD_PowerOn
                0x0000000008000dc8       0x84 Core/Src/fatfs_sd.o
 .text.SD_PowerOff
                0x0000000008000e4c       0x18 Core/Src/fatfs_sd.o
 .text.SD_CheckPower
                0x0000000008000e64       0x18 Core/Src/fatfs_sd.o
 .text.SD_RxDataBlock
                0x0000000008000e7c       0x5c Core/Src/fatfs_sd.o
 .text.SD_TxDataBlock
                0x0000000008000ed8       0x86 Core/Src/fatfs_sd.o
 .text.SD_SendCmd
                0x0000000008000f5e       0xa8 Core/Src/fatfs_sd.o
 *fill*         0x0000000008001006        0x2 
 .text.SD_disk_initialize
                0x0000000008001008      0x1cc Core/Src/fatfs_sd.o
                0x0000000008001008                SD_disk_initialize
 .text.SD_disk_status
                0x00000000080011d4       0x2c Core/Src/fatfs_sd.o
                0x00000000080011d4                SD_disk_status
 .text.SD_disk_read
                0x0000000008001200       0xd4 Core/Src/fatfs_sd.o
                0x0000000008001200                SD_disk_read
 .text.SD_disk_write
                0x00000000080012d4      0x108 Core/Src/fatfs_sd.o
                0x00000000080012d4                SD_disk_write
 .text.SD_disk_ioctl
                0x00000000080013dc      0x25c Core/Src/fatfs_sd.o
                0x00000000080013dc                SD_disk_ioctl
 .text.MX_FREERTOS_Init
                0x0000000008001638       0x24 Core/Src/freertos.o
                0x0000000008001638                MX_FREERTOS_Init
 .text.StartDefaultTask
                0x000000000800165c       0x10 Core/Src/freertos.o
                0x000000000800165c                StartDefaultTask
 .text.MX_GPIO_Init
                0x000000000800166c       0xa0 Core/Src/gpio.o
                0x000000000800166c                MX_GPIO_Init
 .text.FirstInitializationProcess
                0x000000000800170c      0x1e0 Core/Src/main.o
                0x000000000800170c                FirstInitializationProcess
 .text.main     0x00000000080018ec       0xe4 Core/Src/main.o
                0x00000000080018ec                main
 .text.SystemClock_Config
                0x00000000080019d0       0xd4 Core/Src/main.o
                0x00000000080019d0                SystemClock_Config
 .text.ReadFile_Fun
                0x0000000008001aa4       0x9c Core/Src/main.o
                0x0000000008001aa4                ReadFile_Fun
 .text.ParseCommand_Fun
                0x0000000008001b40       0x10 Core/Src/main.o
                0x0000000008001b40                ParseCommand_Fun
 .text.StoreMessage_Fun
                0x0000000008001b50      0x138 Core/Src/main.o
                0x0000000008001b50                StoreMessage_Fun
 .text.HAL_UART_RxCpltCallback
                0x0000000008001c88       0x38 Core/Src/main.o
                0x0000000008001c88                HAL_UART_RxCpltCallback
 .text.HAL_TIM_PeriodElapsedCallback
                0x0000000008001cc0       0x24 Core/Src/main.o
                0x0000000008001cc0                HAL_TIM_PeriodElapsedCallback
 .text.Error_Handler
                0x0000000008001ce4        0xa Core/Src/main.o
                0x0000000008001ce4                Error_Handler
 *fill*         0x0000000008001cee        0x2 
 .text.RetargetInit
                0x0000000008001cf0       0x30 Core/Src/retarget.o
                0x0000000008001cf0                RetargetInit
 .text._isatty  0x0000000008001d20       0x2c Core/Src/retarget.o
                0x0000000008001d20                _isatty
 .text._write   0x0000000008001d4c       0x58 Core/Src/retarget.o
                0x0000000008001d4c                _write
 .text._close   0x0000000008001da4       0x2e Core/Src/retarget.o
                0x0000000008001da4                _close
 .text._lseek   0x0000000008001dd2       0x22 Core/Src/retarget.o
                0x0000000008001dd2                _lseek
 .text._read    0x0000000008001df4       0x50 Core/Src/retarget.o
                0x0000000008001df4                _read
 .text._fstat   0x0000000008001e44       0x36 Core/Src/retarget.o
                0x0000000008001e44                _fstat
 *fill*         0x0000000008001e7a        0x2 
 .text.MX_SPI1_Init
                0x0000000008001e7c       0x6c Core/Src/spi.o
                0x0000000008001e7c                MX_SPI1_Init
 .text.HAL_SPI_MspInit
                0x0000000008001ee8       0x90 Core/Src/spi.o
                0x0000000008001ee8                HAL_SPI_MspInit
 .text.HAL_MspInit
                0x0000000008001f78       0x58 Core/Src/stm32f4xx_hal_msp.o
                0x0000000008001f78                HAL_MspInit
 .text.HAL_InitTick
                0x0000000008001fd0       0xb4 Core/Src/stm32f4xx_hal_timebase_tim.o
                0x0000000008001fd0                HAL_InitTick
 .text.NMI_Handler
                0x0000000008002084        0x6 Core/Src/stm32f4xx_it.o
                0x0000000008002084                NMI_Handler
 .text.HardFault_Handler
                0x000000000800208a        0x6 Core/Src/stm32f4xx_it.o
                0x000000000800208a                HardFault_Handler
 .text.MemManage_Handler
                0x0000000008002090        0x6 Core/Src/stm32f4xx_it.o
                0x0000000008002090                MemManage_Handler
 .text.BusFault_Handler
                0x0000000008002096        0x6 Core/Src/stm32f4xx_it.o
                0x0000000008002096                BusFault_Handler
 .text.UsageFault_Handler
                0x000000000800209c        0x6 Core/Src/stm32f4xx_it.o
                0x000000000800209c                UsageFault_Handler
 .text.DebugMon_Handler
                0x00000000080020a2        0xe Core/Src/stm32f4xx_it.o
                0x00000000080020a2                DebugMon_Handler
 .text.CAN1_RX0_IRQHandler
                0x00000000080020b0       0x14 Core/Src/stm32f4xx_it.o
                0x00000000080020b0                CAN1_RX0_IRQHandler
 .text.USART1_IRQHandler
                0x00000000080020c4       0x14 Core/Src/stm32f4xx_it.o
                0x00000000080020c4                USART1_IRQHandler
 .text.TIM6_DAC_IRQHandler
                0x00000000080020d8       0x14 Core/Src/stm32f4xx_it.o
                0x00000000080020d8                TIM6_DAC_IRQHandler
 .text.HAL_CAN_RxFifo0MsgPendingCallback
                0x00000000080020ec       0x64 Core/Src/stm32f4xx_it.o
                0x00000000080020ec                HAL_CAN_RxFifo0MsgPendingCallback
 .text._sbrk    0x0000000008002150       0x6c Core/Src/sysmem.o
                0x0000000008002150                _sbrk
 .text.SystemInit
                0x00000000080021bc       0x24 Core/Src/system_stm32f4xx.o
                0x00000000080021bc                SystemInit
 .text.MX_USART1_UART_Init
                0x00000000080021e0       0x54 Core/Src/usart.o
                0x00000000080021e0                MX_USART1_UART_Init
 .text.HAL_UART_MspInit
                0x0000000008002234       0xa0 Core/Src/usart.o
                0x0000000008002234                HAL_UART_MspInit
 .text.Reset_Handler
                0x00000000080022d4       0x50 Core/Startup/startup_stm32f429zitx.o
                0x00000000080022d4                Reset_Handler
 .text.Default_Handler
                0x0000000008002324        0x2 Core/Startup/startup_stm32f429zitx.o
                0x0000000008002324                RTC_Alarm_IRQHandler
                0x0000000008002324                HASH_RNG_IRQHandler
                0x0000000008002324                EXTI2_IRQHandler
                0x0000000008002324                TIM8_CC_IRQHandler
                0x0000000008002324                UART8_IRQHandler
                0x0000000008002324                SPI4_IRQHandler
                0x0000000008002324                TIM1_CC_IRQHandler
                0x0000000008002324                DMA2_Stream5_IRQHandler
                0x0000000008002324                DMA1_Stream5_IRQHandler
                0x0000000008002324                PVD_IRQHandler
                0x0000000008002324                SDIO_IRQHandler
                0x0000000008002324                TAMP_STAMP_IRQHandler
                0x0000000008002324                CAN2_RX1_IRQHandler
                0x0000000008002324                EXTI3_IRQHandler
                0x0000000008002324                TIM8_TRG_COM_TIM14_IRQHandler
                0x0000000008002324                TIM1_UP_TIM10_IRQHandler
                0x0000000008002324                TIM8_UP_TIM13_IRQHandler
                0x0000000008002324                I2C3_ER_IRQHandler
                0x0000000008002324                EXTI0_IRQHandler
                0x0000000008002324                I2C2_EV_IRQHandler
                0x0000000008002324                DMA1_Stream2_IRQHandler
                0x0000000008002324                FPU_IRQHandler
                0x0000000008002324                OTG_HS_WKUP_IRQHandler
                0x0000000008002324                LTDC_ER_IRQHandler
                0x0000000008002324                CAN2_SCE_IRQHandler
                0x0000000008002324                DMA2_Stream2_IRQHandler
                0x0000000008002324                SPI1_IRQHandler
                0x0000000008002324                TIM1_BRK_TIM9_IRQHandler
                0x0000000008002324                DCMI_IRQHandler
                0x0000000008002324                CAN2_RX0_IRQHandler
                0x0000000008002324                DMA2_Stream3_IRQHandler
                0x0000000008002324                USART6_IRQHandler
                0x0000000008002324                USART3_IRQHandler
                0x0000000008002324                CAN1_RX1_IRQHandler
                0x0000000008002324                UART5_IRQHandler
                0x0000000008002324                DMA2_Stream0_IRQHandler
                0x0000000008002324                TIM4_IRQHandler
                0x0000000008002324                I2C1_EV_IRQHandler
                0x0000000008002324                DMA1_Stream6_IRQHandler
                0x0000000008002324                DMA1_Stream1_IRQHandler
                0x0000000008002324                UART4_IRQHandler
                0x0000000008002324                TIM3_IRQHandler
                0x0000000008002324                RCC_IRQHandler
                0x0000000008002324                TIM8_BRK_TIM12_IRQHandler
                0x0000000008002324                Default_Handler
                0x0000000008002324                EXTI15_10_IRQHandler
                0x0000000008002324                ADC_IRQHandler
                0x0000000008002324                DMA1_Stream7_IRQHandler
                0x0000000008002324                SPI5_IRQHandler
                0x0000000008002324                TIM7_IRQHandler
                0x0000000008002324                CAN2_TX_IRQHandler
                0x0000000008002324                TIM5_IRQHandler
                0x0000000008002324                DMA2_Stream7_IRQHandler
                0x0000000008002324                I2C3_EV_IRQHandler
                0x0000000008002324                EXTI9_5_IRQHandler
                0x0000000008002324                RTC_WKUP_IRQHandler
                0x0000000008002324                LTDC_IRQHandler
                0x0000000008002324                ETH_WKUP_IRQHandler
                0x0000000008002324                SPI2_IRQHandler
                0x0000000008002324                OTG_HS_EP1_IN_IRQHandler
                0x0000000008002324                DMA1_Stream0_IRQHandler
                0x0000000008002324                CAN1_TX_IRQHandler
                0x0000000008002324                EXTI4_IRQHandler
                0x0000000008002324                ETH_IRQHandler
                0x0000000008002324                OTG_HS_EP1_OUT_IRQHandler
                0x0000000008002324                WWDG_IRQHandler
                0x0000000008002324                SPI6_IRQHandler
                0x0000000008002324                TIM2_IRQHandler
                0x0000000008002324                OTG_FS_WKUP_IRQHandler
                0x0000000008002324                TIM1_TRG_COM_TIM11_IRQHandler
                0x0000000008002324                OTG_HS_IRQHandler
                0x0000000008002324                DMA2D_IRQHandler
                0x0000000008002324                EXTI1_IRQHandler
                0x0000000008002324                UART7_IRQHandler
                0x0000000008002324                USART2_IRQHandler
                0x0000000008002324                I2C2_ER_IRQHandler
                0x0000000008002324                DMA2_Stream1_IRQHandler
                0x0000000008002324                CAN1_SCE_IRQHandler
                0x0000000008002324                FLASH_IRQHandler
                0x0000000008002324                DMA2_Stream4_IRQHandler
                0x0000000008002324                OTG_FS_IRQHandler
                0x0000000008002324                SPI3_IRQHandler
                0x0000000008002324                DMA1_Stream4_IRQHandler
                0x0000000008002324                I2C1_ER_IRQHandler
                0x0000000008002324                FMC_IRQHandler
                0x0000000008002324                DMA2_Stream6_IRQHandler
                0x0000000008002324                SAI1_IRQHandler
                0x0000000008002324                DMA1_Stream3_IRQHandler
 *fill*         0x0000000008002326        0x2 
 .text.HAL_Init
                0x0000000008002328       0x44 Drivers/STM32F4xx_HAL_Driver/Src/stm32f4xx_hal.o
                0x0000000008002328                HAL_Init
 .text.HAL_IncTick
                0x000000000800236c       0x28 Drivers/STM32F4xx_HAL_Driver/Src/stm32f4xx_hal.o
                0x000000000800236c                HAL_IncTick
 .text.HAL_GetTick
                0x0000000008002394       0x18 Drivers/STM32F4xx_HAL_Driver/Src/stm32f4xx_hal.o
                0x0000000008002394                HAL_GetTick
 .text.HAL_Delay
                0x00000000080023ac       0x48 Drivers/STM32F4xx_HAL_Driver/Src/stm32f4xx_hal.o
                0x00000000080023ac                HAL_Delay
 .text.HAL_CAN_Init
                0x00000000080023f4      0x1f6 Drivers/STM32F4xx_HAL_Driver/Src/stm32f4xx_hal_can.o
                0x00000000080023f4                HAL_CAN_Init
 *fill*         0x00000000080025ea        0x2 
 .text.HAL_CAN_ConfigFilter
                0x00000000080025ec      0x1c0 Drivers/STM32F4xx_HAL_Driver/Src/stm32f4xx_hal_can.o
                0x00000000080025ec                HAL_CAN_ConfigFilter
 .text.HAL_CAN_Start
                0x00000000080027ac       0x88 Drivers/STM32F4xx_HAL_Driver/Src/stm32f4xx_hal_can.o
                0x00000000080027ac                HAL_CAN_Start
 .text.HAL_CAN_GetRxMessage
                0x0000000008002834      0x224 Drivers/STM32F4xx_HAL_Driver/Src/stm32f4xx_hal_can.o
                0x0000000008002834                HAL_CAN_GetRxMessage
 .text.HAL_CAN_IRQHandler
                0x0000000008002a58      0x36e Drivers/STM32F4xx_HAL_Driver/Src/stm32f4xx_hal_can.o
                0x0000000008002a58                HAL_CAN_IRQHandler
 .text.HAL_CAN_TxMailbox0CompleteCallback
                0x0000000008002dc6       0x14 Drivers/STM32F4xx_HAL_Driver/Src/stm32f4xx_hal_can.o
                0x0000000008002dc6                HAL_CAN_TxMailbox0CompleteCallback
 .text.HAL_CAN_TxMailbox1CompleteCallback
                0x0000000008002dda       0x14 Drivers/STM32F4xx_HAL_Driver/Src/stm32f4xx_hal_can.o
                0x0000000008002dda                HAL_CAN_TxMailbox1CompleteCallback
 .text.HAL_CAN_TxMailbox2CompleteCallback
                0x0000000008002dee       0x14 Drivers/STM32F4xx_HAL_Driver/Src/stm32f4xx_hal_can.o
                0x0000000008002dee                HAL_CAN_TxMailbox2CompleteCallback
 .text.HAL_CAN_TxMailbox0AbortCallback
                0x0000000008002e02       0x14 Drivers/STM32F4xx_HAL_Driver/Src/stm32f4xx_hal_can.o
                0x0000000008002e02                HAL_CAN_TxMailbox0AbortCallback
 .text.HAL_CAN_TxMailbox1AbortCallback
                0x0000000008002e16       0x14 Drivers/STM32F4xx_HAL_Driver/Src/stm32f4xx_hal_can.o
                0x0000000008002e16                HAL_CAN_TxMailbox1AbortCallback
 .text.HAL_CAN_TxMailbox2AbortCallback
                0x0000000008002e2a       0x14 Drivers/STM32F4xx_HAL_Driver/Src/stm32f4xx_hal_can.o
                0x0000000008002e2a                HAL_CAN_TxMailbox2AbortCallback
 .text.HAL_CAN_RxFifo0FullCallback
                0x0000000008002e3e       0x14 Drivers/STM32F4xx_HAL_Driver/Src/stm32f4xx_hal_can.o
                0x0000000008002e3e                HAL_CAN_RxFifo0FullCallback
 .text.HAL_CAN_RxFifo1MsgPendingCallback
                0x0000000008002e52       0x14 Drivers/STM32F4xx_HAL_Driver/Src/stm32f4xx_hal_can.o
                0x0000000008002e52                HAL_CAN_RxFifo1MsgPendingCallback
 .text.HAL_CAN_RxFifo1FullCallback
                0x0000000008002e66       0x14 Drivers/STM32F4xx_HAL_Driver/Src/stm32f4xx_hal_can.o
                0x0000000008002e66                HAL_CAN_RxFifo1FullCallback
 .text.HAL_CAN_SleepCallback
                0x0000000008002e7a       0x14 Drivers/STM32F4xx_HAL_Driver/Src/stm32f4xx_hal_can.o
                0x0000000008002e7a                HAL_CAN_SleepCallback
 .text.HAL_CAN_WakeUpFromRxMsgCallback
                0x0000000008002e8e       0x14 Drivers/STM32F4xx_HAL_Driver/Src/stm32f4xx_hal_can.o
                0x0000000008002e8e                HAL_CAN_WakeUpFromRxMsgCallback
 .text.HAL_CAN_ErrorCallback
                0x0000000008002ea2       0x14 Drivers/STM32F4xx_HAL_Driver/Src/stm32f4xx_hal_can.o
                0x0000000008002ea2                HAL_CAN_ErrorCallback
 *fill*         0x0000000008002eb6        0x2 
 .text.__NVIC_SetPriorityGrouping
                0x0000000008002eb8       0x48 Drivers/STM32F4xx_HAL_Driver/Src/stm32f4xx_hal_cortex.o
 .text.__NVIC_GetPriorityGrouping
                0x0000000008002f00       0x1c Drivers/STM32F4xx_HAL_Driver/Src/stm32f4xx_hal_cortex.o
 .text.__NVIC_EnableIRQ
                0x0000000008002f1c       0x3c Drivers/STM32F4xx_HAL_Driver/Src/stm32f4xx_hal_cortex.o
 .text.__NVIC_SetPriority
                0x0000000008002f58       0x54 Drivers/STM32F4xx_HAL_Driver/Src/stm32f4xx_hal_cortex.o
 .text.NVIC_EncodePriority
                0x0000000008002fac       0x66 Drivers/STM32F4xx_HAL_Driver/Src/stm32f4xx_hal_cortex.o
 .text.HAL_NVIC_SetPriorityGrouping
                0x0000000008003012       0x16 Drivers/STM32F4xx_HAL_Driver/Src/stm32f4xx_hal_cortex.o
                0x0000000008003012                HAL_NVIC_SetPriorityGrouping
 .text.HAL_NVIC_SetPriority
                0x0000000008003028       0x38 Drivers/STM32F4xx_HAL_Driver/Src/stm32f4xx_hal_cortex.o
                0x0000000008003028                HAL_NVIC_SetPriority
 .text.HAL_NVIC_EnableIRQ
                0x0000000008003060       0x1c Drivers/STM32F4xx_HAL_Driver/Src/stm32f4xx_hal_cortex.o
                0x0000000008003060                HAL_NVIC_EnableIRQ
 .text.HAL_DMA_Abort
                0x000000000800307c       0xe0 Drivers/STM32F4xx_HAL_Driver/Src/stm32f4xx_hal_dma.o
                0x000000000800307c                HAL_DMA_Abort
 .text.HAL_DMA_Abort_IT
                0x000000000800315c       0x44 Drivers/STM32F4xx_HAL_Driver/Src/stm32f4xx_hal_dma.o
                0x000000000800315c                HAL_DMA_Abort_IT
 .text.HAL_GPIO_Init
                0x00000000080031a0      0x358 Drivers/STM32F4xx_HAL_Driver/Src/stm32f4xx_hal_gpio.o
                0x00000000080031a0                HAL_GPIO_Init
 .text.HAL_GPIO_WritePin
                0x00000000080034f8       0x32 Drivers/STM32F4xx_HAL_Driver/Src/stm32f4xx_hal_gpio.o
                0x00000000080034f8                HAL_GPIO_WritePin
 *fill*         0x000000000800352a        0x2 
 .text.HAL_RCC_OscConfig
                0x000000000800352c      0x4f0 Drivers/STM32F4xx_HAL_Driver/Src/stm32f4xx_hal_rcc.o
                0x000000000800352c                HAL_RCC_OscConfig
 .text.HAL_RCC_ClockConfig
                0x0000000008003a1c      0x1cc Drivers/STM32F4xx_HAL_Driver/Src/stm32f4xx_hal_rcc.o
                0x0000000008003a1c                HAL_RCC_ClockConfig
 .text.HAL_RCC_GetSysClockFreq
                0x0000000008003be8      0x1c4 Drivers/STM32F4xx_HAL_Driver/Src/stm32f4xx_hal_rcc.o
                0x0000000008003be8                HAL_RCC_GetSysClockFreq
 .text.HAL_RCC_GetHCLKFreq
                0x0000000008003dac       0x18 Drivers/STM32F4xx_HAL_Driver/Src/stm32f4xx_hal_rcc.o
                0x0000000008003dac                HAL_RCC_GetHCLKFreq
 .text.HAL_RCC_GetPCLK1Freq
                0x0000000008003dc4       0x28 Drivers/STM32F4xx_HAL_Driver/Src/stm32f4xx_hal_rcc.o
                0x0000000008003dc4                HAL_RCC_GetPCLK1Freq
 .text.HAL_RCC_GetPCLK2Freq
                0x0000000008003dec       0x28 Drivers/STM32F4xx_HAL_Driver/Src/stm32f4xx_hal_rcc.o
                0x0000000008003dec                HAL_RCC_GetPCLK2Freq
 .text.HAL_RCC_GetClockConfig
                0x0000000008003e14       0x64 Drivers/STM32F4xx_HAL_Driver/Src/stm32f4xx_hal_rcc.o
                0x0000000008003e14                HAL_RCC_GetClockConfig
 .text.HAL_SPI_Init
                0x0000000008003e78      0x112 Drivers/STM32F4xx_HAL_Driver/Src/stm32f4xx_hal_spi.o
                0x0000000008003e78                HAL_SPI_Init
 .text.HAL_SPI_Transmit
                0x0000000008003f8a      0x278 Drivers/STM32F4xx_HAL_Driver/Src/stm32f4xx_hal_spi.o
                0x0000000008003f8a                HAL_SPI_Transmit
 .text.HAL_SPI_TransmitReceive
                0x0000000008004202      0x344 Drivers/STM32F4xx_HAL_Driver/Src/stm32f4xx_hal_spi.o
                0x0000000008004202                HAL_SPI_TransmitReceive
 *fill*         0x0000000008004546        0x2 
 .text.SPI_WaitFlagStateUntilTimeout
                0x0000000008004548      0x110 Drivers/STM32F4xx_HAL_Driver/Src/stm32f4xx_hal_spi.o
 .text.SPI_EndRxTxTransaction
                0x0000000008004658       0x84 Drivers/STM32F4xx_HAL_Driver/Src/stm32f4xx_hal_spi.o
 .text.HAL_TIM_Base_Init
                0x00000000080046dc       0x9e Drivers/STM32F4xx_HAL_Driver/Src/stm32f4xx_hal_tim.o
                0x00000000080046dc                HAL_TIM_Base_Init
 .text.HAL_TIM_Base_MspInit
                0x000000000800477a       0x14 Drivers/STM32F4xx_HAL_Driver/Src/stm32f4xx_hal_tim.o
                0x000000000800477a                HAL_TIM_Base_MspInit
 *fill*         0x000000000800478e        0x2 
 .text.HAL_TIM_Base_Start_IT
                0x0000000008004790       0xe0 Drivers/STM32F4xx_HAL_Driver/Src/stm32f4xx_hal_tim.o
                0x0000000008004790                HAL_TIM_Base_Start_IT
 .text.HAL_TIM_IRQHandler
                0x0000000008004870      0x210 Drivers/STM32F4xx_HAL_Driver/Src/stm32f4xx_hal_tim.o
                0x0000000008004870                HAL_TIM_IRQHandler
 .text.HAL_TIM_OC_DelayElapsedCallback
                0x0000000008004a80       0x14 Drivers/STM32F4xx_HAL_Driver/Src/stm32f4xx_hal_tim.o
                0x0000000008004a80                HAL_TIM_OC_DelayElapsedCallback
 .text.HAL_TIM_IC_CaptureCallback
                0x0000000008004a94       0x14 Drivers/STM32F4xx_HAL_Driver/Src/stm32f4xx_hal_tim.o
                0x0000000008004a94                HAL_TIM_IC_CaptureCallback
 .text.HAL_TIM_PWM_PulseFinishedCallback
                0x0000000008004aa8       0x14 Drivers/STM32F4xx_HAL_Driver/Src/stm32f4xx_hal_tim.o
                0x0000000008004aa8                HAL_TIM_PWM_PulseFinishedCallback
 .text.HAL_TIM_TriggerCallback
                0x0000000008004abc       0x14 Drivers/STM32F4xx_HAL_Driver/Src/stm32f4xx_hal_tim.o
                0x0000000008004abc                HAL_TIM_TriggerCallback
 .text.TIM_Base_SetConfig
                0x0000000008004ad0      0x140 Drivers/STM32F4xx_HAL_Driver/Src/stm32f4xx_hal_tim.o
                0x0000000008004ad0                TIM_Base_SetConfig
 .text.HAL_TIMEx_CommutCallback
                0x0000000008004c10       0x14 Drivers/STM32F4xx_HAL_Driver/Src/stm32f4xx_hal_tim_ex.o
                0x0000000008004c10                HAL_TIMEx_CommutCallback
 .text.HAL_TIMEx_BreakCallback
                0x0000000008004c24       0x14 Drivers/STM32F4xx_HAL_Driver/Src/stm32f4xx_hal_tim_ex.o
                0x0000000008004c24                HAL_TIMEx_BreakCallback
 .text.HAL_UART_Init
                0x0000000008004c38       0x9a Drivers/STM32F4xx_HAL_Driver/Src/stm32f4xx_hal_uart.o
                0x0000000008004c38                HAL_UART_Init
 .text.HAL_UART_Transmit
                0x0000000008004cd2      0x124 Drivers/STM32F4xx_HAL_Driver/Src/stm32f4xx_hal_uart.o
                0x0000000008004cd2                HAL_UART_Transmit
 .text.HAL_UART_Receive
                0x0000000008004df6      0x144 Drivers/STM32F4xx_HAL_Driver/Src/stm32f4xx_hal_uart.o
                0x0000000008004df6                HAL_UART_Receive
 .text.HAL_UART_Receive_IT
                0x0000000008004f3a       0x60 Drivers/STM32F4xx_HAL_Driver/Src/stm32f4xx_hal_uart.o
                0x0000000008004f3a                HAL_UART_Receive_IT
 *fill*         0x0000000008004f9a        0x2 
 .text.HAL_UART_IRQHandler
                0x0000000008004f9c      0x358 Drivers/STM32F4xx_HAL_Driver/Src/stm32f4xx_hal_uart.o
                0x0000000008004f9c                HAL_UART_IRQHandler
 .text.HAL_UART_TxCpltCallback
                0x00000000080052f4       0x14 Drivers/STM32F4xx_HAL_Driver/Src/stm32f4xx_hal_uart.o
                0x00000000080052f4                HAL_UART_TxCpltCallback
 .text.HAL_UART_ErrorCallback
                0x0000000008005308       0x14 Drivers/STM32F4xx_HAL_Driver/Src/stm32f4xx_hal_uart.o
                0x0000000008005308                HAL_UART_ErrorCallback
 .text.HAL_UARTEx_RxEventCallback
                0x000000000800531c       0x18 Drivers/STM32F4xx_HAL_Driver/Src/stm32f4xx_hal_uart.o
                0x000000000800531c                HAL_UARTEx_RxEventCallback
 .text.UART_WaitOnFlagUntilTimeout
                0x0000000008005334       0x94 Drivers/STM32F4xx_HAL_Driver/Src/stm32f4xx_hal_uart.o
 .text.UART_Start_Receive_IT
                0x00000000080053c8       0x74 Drivers/STM32F4xx_HAL_Driver/Src/stm32f4xx_hal_uart.o
                0x00000000080053c8                UART_Start_Receive_IT
 .text.UART_EndRxTransfer
                0x000000000800543c       0x5a Drivers/STM32F4xx_HAL_Driver/Src/stm32f4xx_hal_uart.o
 .text.UART_DMAAbortOnError
                0x0000000008005496       0x28 Drivers/STM32F4xx_HAL_Driver/Src/stm32f4xx_hal_uart.o
 .text.UART_Transmit_IT
                0x00000000080054be       0xa0 Drivers/STM32F4xx_HAL_Driver/Src/stm32f4xx_hal_uart.o
 .text.UART_EndTransmit_IT
                0x000000000800555e       0x30 Drivers/STM32F4xx_HAL_Driver/Src/stm32f4xx_hal_uart.o
 .text.UART_Receive_IT
                0x000000000800558e      0x12e Drivers/STM32F4xx_HAL_Driver/Src/stm32f4xx_hal_uart.o
 .text.UART_SetConfig
                0x00000000080056bc      0x390 Drivers/STM32F4xx_HAL_Driver/Src/stm32f4xx_hal_uart.o
 .text.MX_FATFS_Init
                0x0000000008005a4c       0x24 FATFS/App/fatfs.o
                0x0000000008005a4c                MX_FATFS_Init
 .text.get_fattime
                0x0000000008005a70       0x10 FATFS/App/fatfs.o
                0x0000000008005a70                get_fattime
 .text.USER_initialize
                0x0000000008005a80       0x1e FATFS/Target/user_diskio.o
                0x0000000008005a80                USER_initialize
 .text.USER_status
                0x0000000008005a9e       0x1e FATFS/Target/user_diskio.o
                0x0000000008005a9e                USER_status
 .text.USER_read
                0x0000000008005abc       0x28 FATFS/Target/user_diskio.o
                0x0000000008005abc                USER_read
 .text.USER_write
                0x0000000008005ae4       0x28 FATFS/Target/user_diskio.o
                0x0000000008005ae4                USER_write
 .text.USER_ioctl
                0x0000000008005b0c       0x28 FATFS/Target/user_diskio.o
                0x0000000008005b0c                USER_ioctl
 .text.disk_status
                0x0000000008005b34       0x34 Middlewares/Third_Party/FatFs/src/diskio.o
                0x0000000008005b34                disk_status
 .text.disk_initialize
                0x0000000008005b68       0x4c Middlewares/Third_Party/FatFs/src/diskio.o
                0x0000000008005b68                disk_initialize
 .text.disk_read
                0x0000000008005bb4       0x40 Middlewares/Third_Party/FatFs/src/diskio.o
                0x0000000008005bb4                disk_read
 .text.disk_write
                0x0000000008005bf4       0x40 Middlewares/Third_Party/FatFs/src/diskio.o
                0x0000000008005bf4                disk_write
 .text.disk_ioctl
                0x0000000008005c34       0x3c Middlewares/Third_Party/FatFs/src/diskio.o
                0x0000000008005c34                disk_ioctl
 .text.ld_word  0x0000000008005c70       0x30 Middlewares/Third_Party/FatFs/src/ff.o
 .text.ld_dword
                0x0000000008005ca0       0x46 Middlewares/Third_Party/FatFs/src/ff.o
 .text.st_word  0x0000000008005ce6       0x36 Middlewares/Third_Party/FatFs/src/ff.o
 .text.st_dword
                0x0000000008005d1c       0x58 Middlewares/Third_Party/FatFs/src/ff.o
 .text.mem_cpy  0x0000000008005d74       0x42 Middlewares/Third_Party/FatFs/src/ff.o
 .text.mem_set  0x0000000008005db6       0x36 Middlewares/Third_Party/FatFs/src/ff.o
 .text.mem_cmp  0x0000000008005dec       0x4e Middlewares/Third_Party/FatFs/src/ff.o
 .text.chk_chr  0x0000000008005e3a       0x36 Middlewares/Third_Party/FatFs/src/ff.o
 .text.lock_fs  0x0000000008005e70       0x2c Middlewares/Third_Party/FatFs/src/ff.o
 .text.unlock_fs
                0x0000000008005e9c       0x36 Middlewares/Third_Party/FatFs/src/ff.o
 *fill*         0x0000000008005ed2        0x2 
 .text.chk_lock
                0x0000000008005ed4       0xb8 Middlewares/Third_Party/FatFs/src/ff.o
 .text.enq_lock
                0x0000000008005f8c       0x44 Middlewares/Third_Party/FatFs/src/ff.o
 .text.inc_lock
                0x0000000008005fd0      0x11c Middlewares/Third_Party/FatFs/src/ff.o
 .text.dec_lock
                0x00000000080060ec       0x78 Middlewares/Third_Party/FatFs/src/ff.o
 .text.clear_lock
                0x0000000008006164       0x48 Middlewares/Third_Party/FatFs/src/ff.o
 .text.sync_window
                0x00000000080061ac       0x88 Middlewares/Third_Party/FatFs/src/ff.o
 .text.move_window
                0x0000000008006234       0x5a Middlewares/Third_Party/FatFs/src/ff.o
 *fill*         0x000000000800628e        0x2 
 .text.sync_fs  0x0000000008006290       0xe0 Middlewares/Third_Party/FatFs/src/ff.o
 .text.clust2sect
                0x0000000008006370       0x3e Middlewares/Third_Party/FatFs/src/ff.o
 .text.get_fat  0x00000000080063ae      0x1a8 Middlewares/Third_Party/FatFs/src/ff.o
 .text.put_fat  0x0000000008006556      0x238 Middlewares/Third_Party/FatFs/src/ff.o
 .text.remove_chain
                0x000000000800678e       0xca Middlewares/Third_Party/FatFs/src/ff.o
 .text.create_chain
                0x0000000008006858      0x130 Middlewares/Third_Party/FatFs/src/ff.o
 .text.clmt_clust
                0x0000000008006988       0x70 Middlewares/Third_Party/FatFs/src/ff.o
 .text.dir_sdi  0x00000000080069f8      0x112 Middlewares/Third_Party/FatFs/src/ff.o
 .text.dir_next
                0x0000000008006b0a      0x1ac Middlewares/Third_Party/FatFs/src/ff.o
 .text.dir_alloc
                0x0000000008006cb6       0x8e Middlewares/Third_Party/FatFs/src/ff.o
 .text.ld_clust
                0x0000000008006d44       0x3e Middlewares/Third_Party/FatFs/src/ff.o
 .text.st_clust
                0x0000000008006d82       0x40 Middlewares/Third_Party/FatFs/src/ff.o
 *fill*         0x0000000008006dc2        0x2 
 .text.cmp_lfn  0x0000000008006dc4       0xe0 Middlewares/Third_Party/FatFs/src/ff.o
 .text.put_lfn  0x0000000008006ea4       0xd0 Middlewares/Third_Party/FatFs/src/ff.o
 .text.gen_numname
                0x0000000008006f74      0x120 Middlewares/Third_Party/FatFs/src/ff.o
 .text.sum_sfn  0x0000000008007094       0x42 Middlewares/Third_Party/FatFs/src/ff.o
 .text.dir_find
                0x00000000080070d6      0x180 Middlewares/Third_Party/FatFs/src/ff.o
 *fill*         0x0000000008007256        0x2 
 .text.dir_register
                0x0000000008007258      0x1f0 Middlewares/Third_Party/FatFs/src/ff.o
 .text.create_name
                0x0000000008007448      0x370 Middlewares/Third_Party/FatFs/src/ff.o
 .text.follow_path
                0x00000000080077b8       0xec Middlewares/Third_Party/FatFs/src/ff.o
 .text.get_ldnumber
                0x00000000080078a4       0x88 Middlewares/Third_Party/FatFs/src/ff.o
 .text.check_fs
                0x000000000800792c       0xac Middlewares/Third_Party/FatFs/src/ff.o
 .text.find_volume
                0x00000000080079d8      0x514 Middlewares/Third_Party/FatFs/src/ff.o
 .text.validate
                0x0000000008007eec       0x8e Middlewares/Third_Party/FatFs/src/ff.o
 *fill*         0x0000000008007f7a        0x2 
 .text.f_mount  0x0000000008007f7c       0xc8 Middlewares/Third_Party/FatFs/src/ff.o
                0x0000000008007f7c                f_mount
 .text.f_open   0x0000000008008044      0x4c6 Middlewares/Third_Party/FatFs/src/ff.o
                0x0000000008008044                f_open
 .text.f_read   0x000000000800850a      0x31c Middlewares/Third_Party/FatFs/src/ff.o
                0x000000000800850a                f_read
 .text.f_write  0x0000000008008826      0x386 Middlewares/Third_Party/FatFs/src/ff.o
                0x0000000008008826                f_write
 .text.f_sync   0x0000000008008bac      0x112 Middlewares/Third_Party/FatFs/src/ff.o
                0x0000000008008bac                f_sync
 .text.f_close  0x0000000008008cbe       0x5e Middlewares/Third_Party/FatFs/src/ff.o
                0x0000000008008cbe                f_close
 .text.f_getfree
                0x0000000008008d1c      0x178 Middlewares/Third_Party/FatFs/src/ff.o
                0x0000000008008d1c                f_getfree
 .text.f_gets   0x0000000008008e94       0x7a Middlewares/Third_Party/FatFs/src/ff.o
                0x0000000008008e94                f_gets
 .text.putc_bfd
                0x0000000008008f0e       0x7a Middlewares/Third_Party/FatFs/src/ff.o
 .text.putc_flush
                0x0000000008008f88       0x4a Middlewares/Third_Party/FatFs/src/ff.o
 .text.putc_init
                0x0000000008008fd2       0x2a Middlewares/Third_Party/FatFs/src/ff.o
 .text.f_puts   0x0000000008008ffc       0x48 Middlewares/Third_Party/FatFs/src/ff.o
                0x0000000008008ffc                f_puts
 .text.FATFS_LinkDriverEx
                0x0000000008009044       0x98 Middlewares/Third_Party/FatFs/src/ff_gen_drv.o
                0x0000000008009044                FATFS_LinkDriverEx
 .text.FATFS_LinkDriver
                0x00000000080090dc       0x1e Middlewares/Third_Party/FatFs/src/ff_gen_drv.o
                0x00000000080090dc                FATFS_LinkDriver
 *fill*         0x00000000080090fa        0x2 
 .text.ff_convert
                0x00000000080090fc       0x78 Middlewares/Third_Party/FatFs/src/option/ccsbcs.o
                0x00000000080090fc                ff_convert
 .text.ff_wtoupper
                0x0000000008009174      0x114 Middlewares/Third_Party/FatFs/src/option/ccsbcs.o
                0x0000000008009174                ff_wtoupper
 .text.ff_cre_syncobj
                0x0000000008009288       0x36 Middlewares/Third_Party/FatFs/src/option/syscall.o
                0x0000000008009288                ff_cre_syncobj
 .text.ff_del_syncobj
                0x00000000080092be       0x18 Middlewares/Third_Party/FatFs/src/option/syscall.o
                0x00000000080092be                ff_del_syncobj
 .text.ff_req_grant
                0x00000000080092d6       0x2a Middlewares/Third_Party/FatFs/src/option/syscall.o
                0x00000000080092d6                ff_req_grant
 .text.ff_rel_grant
                0x0000000008009300       0x16 Middlewares/Third_Party/FatFs/src/option/syscall.o
                0x0000000008009300                ff_rel_grant
 *fill*         0x0000000008009316        0x2 
 .text.__NVIC_SetPriority
                0x0000000008009318       0x54 Middlewares/Third_Party/FreeRTOS/Source/CMSIS_RTOS_V2/cmsis_os2.o
 .text.SysTick_Handler
                0x000000000800936c       0x20 Middlewares/Third_Party/FreeRTOS/Source/CMSIS_RTOS_V2/cmsis_os2.o
                0x000000000800936c                SysTick_Handler
 .text.SVC_Setup
                0x000000000800938c       0x12 Middlewares/Third_Party/FreeRTOS/Source/CMSIS_RTOS_V2/cmsis_os2.o
 *fill*         0x000000000800939e        0x2 
 .text.osKernelInitialize
                0x00000000080093a0       0x48 Middlewares/Third_Party/FreeRTOS/Source/CMSIS_RTOS_V2/cmsis_os2.o
                0x00000000080093a0                osKernelInitialize
 .text.osKernelStart
                0x00000000080093e8       0x4c Middlewares/Third_Party/FreeRTOS/Source/CMSIS_RTOS_V2/cmsis_os2.o
                0x00000000080093e8                osKernelStart
 .text.osThreadNew
                0x0000000008009434      0x124 Middlewares/Third_Party/FreeRTOS/Source/CMSIS_RTOS_V2/cmsis_os2.o
                0x0000000008009434                osThreadNew
 .text.osDelay  0x0000000008009558       0x36 Middlewares/Third_Party/FreeRTOS/Source/CMSIS_RTOS_V2/cmsis_os2.o
                0x0000000008009558                osDelay
 .text.osSemaphoreNew
                0x000000000800958e      0x112 Middlewares/Third_Party/FreeRTOS/Source/CMSIS_RTOS_V2/cmsis_os2.o
                0x000000000800958e                osSemaphoreNew
 .text.osSemaphoreAcquire
                0x00000000080096a0       0xa4 Middlewares/Third_Party/FreeRTOS/Source/CMSIS_RTOS_V2/cmsis_os2.o
                0x00000000080096a0                osSemaphoreAcquire
 .text.osSemaphoreRelease
                0x0000000008009744       0x88 Middlewares/Third_Party/FreeRTOS/Source/CMSIS_RTOS_V2/cmsis_os2.o
                0x0000000008009744                osSemaphoreRelease
 .text.osSemaphoreDelete
                0x00000000080097cc       0x48 Middlewares/Third_Party/FreeRTOS/Source/CMSIS_RTOS_V2/cmsis_os2.o
                0x00000000080097cc                osSemaphoreDelete
 .text.osMessageQueueNew
                0x0000000008009814       0xe6 Middlewares/Third_Party/FreeRTOS/Source/CMSIS_RTOS_V2/cmsis_os2.o
                0x0000000008009814                osMessageQueueNew
 *fill*         0x00000000080098fa        0x2 
 .text.osMessageQueuePut
                0x00000000080098fc       0xc0 Middlewares/Third_Party/FreeRTOS/Source/CMSIS_RTOS_V2/cmsis_os2.o
                0x00000000080098fc                osMessageQueuePut
 .text.osMessageQueueGet
                0x00000000080099bc       0xbc Middlewares/Third_Party/FreeRTOS/Source/CMSIS_RTOS_V2/cmsis_os2.o
                0x00000000080099bc                osMessageQueueGet
 .text.vApplicationGetIdleTaskMemory
                0x0000000008009a78       0x34 Middlewares/Third_Party/FreeRTOS/Source/CMSIS_RTOS_V2/cmsis_os2.o
                0x0000000008009a78                vApplicationGetIdleTaskMemory
 .text.vApplicationGetTimerTaskMemory
                0x0000000008009aac       0x34 Middlewares/Third_Party/FreeRTOS/Source/CMSIS_RTOS_V2/cmsis_os2.o
                0x0000000008009aac                vApplicationGetTimerTaskMemory
 .text.vListInitialise
                0x0000000008009ae0       0x40 Middlewares/Third_Party/FreeRTOS/Source/list.o
                0x0000000008009ae0                vListInitialise
 .text.vListInitialiseItem
                0x0000000008009b20       0x1a Middlewares/Third_Party/FreeRTOS/Source/list.o
                0x0000000008009b20                vListInitialiseItem
 .text.vListInsertEnd
                0x0000000008009b3a       0x48 Middlewares/Third_Party/FreeRTOS/Source/list.o
                0x0000000008009b3a                vListInsertEnd
 .text.vListInsert
                0x0000000008009b82       0x72 Middlewares/Third_Party/FreeRTOS/Source/list.o
                0x0000000008009b82                vListInsert
 .text.uxListRemove
                0x0000000008009bf4       0x54 Middlewares/Third_Party/FreeRTOS/Source/list.o
                0x0000000008009bf4                uxListRemove
 .text.xQueueGenericReset
                0x0000000008009c48       0xd0 Middlewares/Third_Party/FreeRTOS/Source/queue.o
                0x0000000008009c48                xQueueGenericReset
 .text.xQueueGenericCreateStatic
                0x0000000008009d18       0xf0 Middlewares/Third_Party/FreeRTOS/Source/queue.o
                0x0000000008009d18                xQueueGenericCreateStatic
 .text.xQueueGenericCreate
                0x0000000008009e08       0x74 Middlewares/Third_Party/FreeRTOS/Source/queue.o
                0x0000000008009e08                xQueueGenericCreate
 .text.prvInitialiseNewQueue
                0x0000000008009e7c       0x46 Middlewares/Third_Party/FreeRTOS/Source/queue.o
 .text.xQueueCreateCountingSemaphoreStatic
                0x0000000008009ec2       0x6e Middlewares/Third_Party/FreeRTOS/Source/queue.o
                0x0000000008009ec2                xQueueCreateCountingSemaphoreStatic
 .text.xQueueCreateCountingSemaphore
                0x0000000008009f30       0x66 Middlewares/Third_Party/FreeRTOS/Source/queue.o
                0x0000000008009f30                xQueueCreateCountingSemaphore
 *fill*         0x0000000008009f96        0x2 
 .text.xQueueGenericSend
                0x0000000008009f98      0x1fc Middlewares/Third_Party/FreeRTOS/Source/queue.o
                0x0000000008009f98                xQueueGenericSend
 .text.xQueueGenericSendFromISR
                0x000000000800a194      0x136 Middlewares/Third_Party/FreeRTOS/Source/queue.o
                0x000000000800a194                xQueueGenericSendFromISR
 .text.xQueueGiveFromISR
                0x000000000800a2ca      0x11a Middlewares/Third_Party/FreeRTOS/Source/queue.o
                0x000000000800a2ca                xQueueGiveFromISR
 .text.xQueueReceive
                0x000000000800a3e4      0x1c0 Middlewares/Third_Party/FreeRTOS/Source/queue.o
                0x000000000800a3e4                xQueueReceive
 .text.xQueueSemaphoreTake
                0x000000000800a5a4      0x218 Middlewares/Third_Party/FreeRTOS/Source/queue.o
                0x000000000800a5a4                xQueueSemaphoreTake
 .text.xQueueReceiveFromISR
                0x000000000800a7bc      0x100 Middlewares/Third_Party/FreeRTOS/Source/queue.o
                0x000000000800a7bc                xQueueReceiveFromISR
 .text.vQueueDelete
                0x000000000800a8bc       0x46 Middlewares/Third_Party/FreeRTOS/Source/queue.o
                0x000000000800a8bc                vQueueDelete
 .text.prvGetDisinheritPriorityAfterTimeout
                0x000000000800a902       0x30 Middlewares/Third_Party/FreeRTOS/Source/queue.o
 .text.prvCopyDataToQueue
                0x000000000800a932       0xd4 Middlewares/Third_Party/FreeRTOS/Source/queue.o
 .text.prvCopyDataFromQueue
                0x000000000800aa06       0x4c Middlewares/Third_Party/FreeRTOS/Source/queue.o
 .text.prvUnlockQueue
                0x000000000800aa52       0xa4 Middlewares/Third_Party/FreeRTOS/Source/queue.o
 .text.prvIsQueueEmpty
                0x000000000800aaf6       0x2c Middlewares/Third_Party/FreeRTOS/Source/queue.o
 .text.prvIsQueueFull
                0x000000000800ab22       0x30 Middlewares/Third_Party/FreeRTOS/Source/queue.o
 *fill*         0x000000000800ab52        0x2 
 .text.vQueueAddToRegistry
                0x000000000800ab54       0x54 Middlewares/Third_Party/FreeRTOS/Source/queue.o
                0x000000000800ab54                vQueueAddToRegistry
 .text.vQueueUnregisterQueue
                0x000000000800aba8       0x54 Middlewares/Third_Party/FreeRTOS/Source/queue.o
                0x000000000800aba8                vQueueUnregisterQueue
 .text.vQueueWaitForMessageRestricted
                0x000000000800abfc       0x68 Middlewares/Third_Party/FreeRTOS/Source/queue.o
                0x000000000800abfc                vQueueWaitForMessageRestricted
 .text.xTaskCreateStatic
                0x000000000800ac64       0xba Middlewares/Third_Party/FreeRTOS/Source/tasks.o
                0x000000000800ac64                xTaskCreateStatic
 .text.xTaskCreate
                0x000000000800ad1e       0x8a Middlewares/Third_Party/FreeRTOS/Source/tasks.o
                0x000000000800ad1e                xTaskCreate
 .text.prvInitialiseNewTask
                0x000000000800ada8      0x14c Middlewares/Third_Party/FreeRTOS/Source/tasks.o
 .text.prvAddNewTaskToReadyList
                0x000000000800aef4       0xe0 Middlewares/Third_Party/FreeRTOS/Source/tasks.o
 .text.vTaskDelay
                0x000000000800afd4       0x68 Middlewares/Third_Party/FreeRTOS/Source/tasks.o
                0x000000000800afd4                vTaskDelay
 .text.vTaskStartScheduler
                0x000000000800b03c       0xe0 Middlewares/Third_Party/FreeRTOS/Source/tasks.o
                0x000000000800b03c                vTaskStartScheduler
 .text.vTaskSuspendAll
                0x000000000800b11c       0x1c Middlewares/Third_Party/FreeRTOS/Source/tasks.o
                0x000000000800b11c                vTaskSuspendAll
 .text.xTaskResumeAll
                0x000000000800b138      0x13c Middlewares/Third_Party/FreeRTOS/Source/tasks.o
                0x000000000800b138                xTaskResumeAll
 .text.xTaskGetTickCount
                0x000000000800b274       0x20 Middlewares/Third_Party/FreeRTOS/Source/tasks.o
                0x000000000800b274                xTaskGetTickCount
 .text.xTaskIncrementTick
                0x000000000800b294      0x174 Middlewares/Third_Party/FreeRTOS/Source/tasks.o
                0x000000000800b294                xTaskIncrementTick
 .text.vTaskSwitchContext
                0x000000000800b408       0xc8 Middlewares/Third_Party/FreeRTOS/Source/tasks.o
                0x000000000800b408                vTaskSwitchContext
 .text.vTaskPlaceOnEventList
                0x000000000800b4d0       0x48 Middlewares/Third_Party/FreeRTOS/Source/tasks.o
                0x000000000800b4d0                vTaskPlaceOnEventList
 .text.vTaskPlaceOnEventListRestricted
                0x000000000800b518       0x58 Middlewares/Third_Party/FreeRTOS/Source/tasks.o
                0x000000000800b518                vTaskPlaceOnEventListRestricted
 .text.xTaskRemoveFromEventList
                0x000000000800b570       0xc8 Middlewares/Third_Party/FreeRTOS/Source/tasks.o
                0x000000000800b570                xTaskRemoveFromEventList
 .text.vTaskInternalSetTimeOutState
                0x000000000800b638       0x2c Middlewares/Third_Party/FreeRTOS/Source/tasks.o
                0x000000000800b638                vTaskInternalSetTimeOutState
 .text.xTaskCheckForTimeOut
                0x000000000800b664       0xc4 Middlewares/Third_Party/FreeRTOS/Source/tasks.o
                0x000000000800b664                xTaskCheckForTimeOut
 .text.vTaskMissedYield
                0x000000000800b728       0x18 Middlewares/Third_Party/FreeRTOS/Source/tasks.o
                0x000000000800b728                vTaskMissedYield
 .text.prvIdleTask
                0x000000000800b740       0x30 Middlewares/Third_Party/FreeRTOS/Source/tasks.o
 .text.prvInitialiseTaskLists
                0x000000000800b770       0x80 Middlewares/Third_Party/FreeRTOS/Source/tasks.o
 .text.prvCheckTasksWaitingTermination
                0x000000000800b7f0       0x5c Middlewares/Third_Party/FreeRTOS/Source/tasks.o
 .text.prvDeleteTCB
                0x000000000800b84c       0x68 Middlewares/Third_Party/FreeRTOS/Source/tasks.o
 .text.prvResetNextTaskUnblockTime
                0x000000000800b8b4       0x40 Middlewares/Third_Party/FreeRTOS/Source/tasks.o
 .text.xTaskGetSchedulerState
                0x000000000800b8f4       0x3c Middlewares/Third_Party/FreeRTOS/Source/tasks.o
                0x000000000800b8f4                xTaskGetSchedulerState
 .text.xTaskPriorityInherit
                0x000000000800b930       0xd0 Middlewares/Third_Party/FreeRTOS/Source/tasks.o
                0x000000000800b930                xTaskPriorityInherit
 .text.xTaskPriorityDisinherit
                0x000000000800ba00       0xdc Middlewares/Third_Party/FreeRTOS/Source/tasks.o
                0x000000000800ba00                xTaskPriorityDisinherit
 .text.vTaskPriorityDisinheritAfterTimeout
                0x000000000800badc      0x104 Middlewares/Third_Party/FreeRTOS/Source/tasks.o
                0x000000000800badc                vTaskPriorityDisinheritAfterTimeout
 .text.pvTaskIncrementMutexHeldCount
                0x000000000800bbe0       0x28 Middlewares/Third_Party/FreeRTOS/Source/tasks.o
                0x000000000800bbe0                pvTaskIncrementMutexHeldCount
 .text.prvAddCurrentTaskToDelayedList
                0x000000000800bc08       0xa8 Middlewares/Third_Party/FreeRTOS/Source/tasks.o
 .text.xTimerCreateTimerTask
                0x000000000800bcb0       0x90 Middlewares/Third_Party/FreeRTOS/Source/timers.o
                0x000000000800bcb0                xTimerCreateTimerTask
 .text.xTimerGenericCommand
                0x000000000800bd40       0x9c Middlewares/Third_Party/FreeRTOS/Source/timers.o
                0x000000000800bd40                xTimerGenericCommand
 .text.prvProcessExpiredTimer
                0x000000000800bddc       0x98 Middlewares/Third_Party/FreeRTOS/Source/timers.o
 .text.prvTimerTask
                0x000000000800be74       0x24 Middlewares/Third_Party/FreeRTOS/Source/timers.o
 .text.prvProcessTimerOrBlockTask
                0x000000000800be98       0x9c Middlewares/Third_Party/FreeRTOS/Source/timers.o
 .text.prvGetNextExpireTime
                0x000000000800bf34       0x48 Middlewares/Third_Party/FreeRTOS/Source/timers.o
 .text.prvSampleTimeNow
                0x000000000800bf7c       0x40 Middlewares/Third_Party/FreeRTOS/Source/timers.o
 .text.prvInsertTimerInActiveList
                0x000000000800bfbc       0x84 Middlewares/Third_Party/FreeRTOS/Source/timers.o
 .text.prvProcessReceivedCommands
                0x000000000800c040      0x1c4 Middlewares/Third_Party/FreeRTOS/Source/timers.o
 .text.prvSwitchTimerLists
                0x000000000800c204       0xc8 Middlewares/Third_Party/FreeRTOS/Source/timers.o
 .text.prvCheckForValidListAndQueue
                0x000000000800c2cc       0x80 Middlewares/Third_Party/FreeRTOS/Source/timers.o
 .text.pxPortInitialiseStack
                0x000000000800c34c       0x68 Middlewares/Third_Party/FreeRTOS/Source/portable/GCC/ARM_CM4F/port.o
                0x000000000800c34c                pxPortInitialiseStack
 .text.prvTaskExitError
                0x000000000800c3b4       0x58 Middlewares/Third_Party/FreeRTOS/Source/portable/GCC/ARM_CM4F/port.o
 *fill*         0x000000000800c40c        0x4 
 .text.SVC_Handler
                0x000000000800c410       0x28 Middlewares/Third_Party/FreeRTOS/Source/portable/GCC/ARM_CM4F/port.o
                0x000000000800c410                SVC_Handler
 .text.prvPortStartFirstTask
                0x000000000800c438       0x28 Middlewares/Third_Party/FreeRTOS/Source/portable/GCC/ARM_CM4F/port.o
 .text.xPortStartScheduler
                0x000000000800c460      0x144 Middlewares/Third_Party/FreeRTOS/Source/portable/GCC/ARM_CM4F/port.o
                0x000000000800c460                xPortStartScheduler
 .text.vPortEnterCritical
                0x000000000800c5a4       0x60 Middlewares/Third_Party/FreeRTOS/Source/portable/GCC/ARM_CM4F/port.o
                0x000000000800c5a4                vPortEnterCritical
 .text.vPortExitCritical
                0x000000000800c604       0x54 Middlewares/Third_Party/FreeRTOS/Source/portable/GCC/ARM_CM4F/port.o
                0x000000000800c604                vPortExitCritical
 *fill*         0x000000000800c658        0x8 
 .text.PendSV_Handler
                0x000000000800c660       0x68 Middlewares/Third_Party/FreeRTOS/Source/portable/GCC/ARM_CM4F/port.o
                0x000000000800c660                PendSV_Handler
 .text.xPortSysTickHandler
                0x000000000800c6c8       0x44 Middlewares/Third_Party/FreeRTOS/Source/portable/GCC/ARM_CM4F/port.o
                0x000000000800c6c8                xPortSysTickHandler
 .text.vPortSetupTimerInterrupt
                0x000000000800c70c       0x48 Middlewares/Third_Party/FreeRTOS/Source/portable/GCC/ARM_CM4F/port.o
                0x000000000800c70c                vPortSetupTimerInterrupt
 .text.vPortEnableVFP
                0x000000000800c754       0x14 Middlewares/Third_Party/FreeRTOS/Source/portable/GCC/ARM_CM4F/port.o
 .text.vPortValidateInterruptPriority
                0x000000000800c768       0x80 Middlewares/Third_Party/FreeRTOS/Source/portable/GCC/ARM_CM4F/port.o
                0x000000000800c768                vPortValidateInterruptPriority
 .text.pvPortMalloc
                0x000000000800c7e8      0x198 Middlewares/Third_Party/FreeRTOS/Source/portable/MemMang/heap_4.o
                0x000000000800c7e8                pvPortMalloc
 .text.vPortFree
                0x000000000800c980       0xc4 Middlewares/Third_Party/FreeRTOS/Source/portable/MemMang/heap_4.o
                0x000000000800c980                vPortFree
 .text.prvHeapInit
                0x000000000800ca44       0xc4 Middlewares/Third_Party/FreeRTOS/Source/portable/MemMang/heap_4.o
 .text.prvInsertBlockIntoFreeList
                0x000000000800cb08       0xb4 Middlewares/Third_Party/FreeRTOS/Source/portable/MemMang/heap_4.o
 .text.__errno  0x000000000800cbbc        0xc c:/st/stm32cubeide_1.6.1/stm32cubeide/plugins/com.st.stm32cube.ide.mcu.externaltools.gnu-tools-for-stm32.9-2020-q2-update.win32_1.5.0.202011040924/tools/bin/../lib/gcc/arm-none-eabi/9.3.1/../../../../arm-none-eabi/lib/thumb/v7e-m+fp/hard\libc_nano.a(lib_a-errno.o)
                0x000000000800cbbc                __errno
 .text.std      0x000000000800cbc8       0x48 c:/st/stm32cubeide_1.6.1/stm32cubeide/plugins/com.st.stm32cube.ide.mcu.externaltools.gnu-tools-for-stm32.9-2020-q2-update.win32_1.5.0.202011040924/tools/bin/../lib/gcc/arm-none-eabi/9.3.1/../../../../arm-none-eabi/lib/thumb/v7e-m+fp/hard\libc_nano.a(lib_a-findfp.o)
 .text._cleanup_r
                0x000000000800cc10        0xc c:/st/stm32cubeide_1.6.1/stm32cubeide/plugins/com.st.stm32cube.ide.mcu.externaltools.gnu-tools-for-stm32.9-2020-q2-update.win32_1.5.0.202011040924/tools/bin/../lib/gcc/arm-none-eabi/9.3.1/../../../../arm-none-eabi/lib/thumb/v7e-m+fp/hard\libc_nano.a(lib_a-findfp.o)
                0x000000000800cc10                _cleanup_r
 .text.__sfmoreglue
                0x000000000800cc1c       0x2c c:/st/stm32cubeide_1.6.1/stm32cubeide/plugins/com.st.stm32cube.ide.mcu.externaltools.gnu-tools-for-stm32.9-2020-q2-update.win32_1.5.0.202011040924/tools/bin/../lib/gcc/arm-none-eabi/9.3.1/../../../../arm-none-eabi/lib/thumb/v7e-m+fp/hard\libc_nano.a(lib_a-findfp.o)
                0x000000000800cc1c                __sfmoreglue
 .text.__sfp_lock_acquire
                0x000000000800cc48        0xc c:/st/stm32cubeide_1.6.1/stm32cubeide/plugins/com.st.stm32cube.ide.mcu.externaltools.gnu-tools-for-stm32.9-2020-q2-update.win32_1.5.0.202011040924/tools/bin/../lib/gcc/arm-none-eabi/9.3.1/../../../../arm-none-eabi/lib/thumb/v7e-m+fp/hard\libc_nano.a(lib_a-findfp.o)
                0x000000000800cc48                __sfp_lock_acquire
 .text.__sfp_lock_release
                0x000000000800cc54        0xc c:/st/stm32cubeide_1.6.1/stm32cubeide/plugins/com.st.stm32cube.ide.mcu.externaltools.gnu-tools-for-stm32.9-2020-q2-update.win32_1.5.0.202011040924/tools/bin/../lib/gcc/arm-none-eabi/9.3.1/../../../../arm-none-eabi/lib/thumb/v7e-m+fp/hard\libc_nano.a(lib_a-findfp.o)
                0x000000000800cc54                __sfp_lock_release
 .text.__sinit_lock_acquire
                0x000000000800cc60        0xc c:/st/stm32cubeide_1.6.1/stm32cubeide/plugins/com.st.stm32cube.ide.mcu.externaltools.gnu-tools-for-stm32.9-2020-q2-update.win32_1.5.0.202011040924/tools/bin/../lib/gcc/arm-none-eabi/9.3.1/../../../../arm-none-eabi/lib/thumb/v7e-m+fp/hard\libc_nano.a(lib_a-findfp.o)
                0x000000000800cc60                __sinit_lock_acquire
 .text.__sinit_lock_release
                0x000000000800cc6c        0xc c:/st/stm32cubeide_1.6.1/stm32cubeide/plugins/com.st.stm32cube.ide.mcu.externaltools.gnu-tools-for-stm32.9-2020-q2-update.win32_1.5.0.202011040924/tools/bin/../lib/gcc/arm-none-eabi/9.3.1/../../../../arm-none-eabi/lib/thumb/v7e-m+fp/hard\libc_nano.a(lib_a-findfp.o)
                0x000000000800cc6c                __sinit_lock_release
 .text.__sinit  0x000000000800cc78       0x70 c:/st/stm32cubeide_1.6.1/stm32cubeide/plugins/com.st.stm32cube.ide.mcu.externaltools.gnu-tools-for-stm32.9-2020-q2-update.win32_1.5.0.202011040924/tools/bin/../lib/gcc/arm-none-eabi/9.3.1/../../../../arm-none-eabi/lib/thumb/v7e-m+fp/hard\libc_nano.a(lib_a-findfp.o)
                0x000000000800cc78                __sinit
 .text.__sfp    0x000000000800cce8       0x8c c:/st/stm32cubeide_1.6.1/stm32cubeide/plugins/com.st.stm32cube.ide.mcu.externaltools.gnu-tools-for-stm32.9-2020-q2-update.win32_1.5.0.202011040924/tools/bin/../lib/gcc/arm-none-eabi/9.3.1/../../../../arm-none-eabi/lib/thumb/v7e-m+fp/hard\libc_nano.a(lib_a-findfp.o)
                0x000000000800cce8                __sfp
 .text._fwalk_reent
                0x000000000800cd74       0x3e c:/st/stm32cubeide_1.6.1/stm32cubeide/plugins/com.st.stm32cube.ide.mcu.externaltools.gnu-tools-for-stm32.9-2020-q2-update.win32_1.5.0.202011040924/tools/bin/../lib/gcc/arm-none-eabi/9.3.1/../../../../arm-none-eabi/lib/thumb/v7e-m+fp/hard\libc_nano.a(lib_a-fwalk.o)
                0x000000000800cd74                _fwalk_reent
 *fill*         0x000000000800cdb2        0x2 
 .text.__libc_init_array
                0x000000000800cdb4       0x48 c:/st/stm32cubeide_1.6.1/stm32cubeide/plugins/com.st.stm32cube.ide.mcu.externaltools.gnu-tools-for-stm32.9-2020-q2-update.win32_1.5.0.202011040924/tools/bin/../lib/gcc/arm-none-eabi/9.3.1/../../../../arm-none-eabi/lib/thumb/v7e-m+fp/hard\libc_nano.a(lib_a-init.o)
                0x000000000800cdb4                __libc_init_array
 .text.__retarget_lock_init_recursive
                0x000000000800cdfc        0x2 c:/st/stm32cubeide_1.6.1/stm32cubeide/plugins/com.st.stm32cube.ide.mcu.externaltools.gnu-tools-for-stm32.9-2020-q2-update.win32_1.5.0.202011040924/tools/bin/../lib/gcc/arm-none-eabi/9.3.1/../../../../arm-none-eabi/lib/thumb/v7e-m+fp/hard\libc_nano.a(lib_a-lock.o)
                0x000000000800cdfc                __retarget_lock_init_recursive
 .text.__retarget_lock_acquire_recursive
                0x000000000800cdfe        0x2 c:/st/stm32cubeide_1.6.1/stm32cubeide/plugins/com.st.stm32cube.ide.mcu.externaltools.gnu-tools-for-stm32.9-2020-q2-update.win32_1.5.0.202011040924/tools/bin/../lib/gcc/arm-none-eabi/9.3.1/../../../../arm-none-eabi/lib/thumb/v7e-m+fp/hard\libc_nano.a(lib_a-lock.o)
                0x000000000800cdfe                __retarget_lock_acquire_recursive
 .text.__retarget_lock_release_recursive
                0x000000000800ce00        0x2 c:/st/stm32cubeide_1.6.1/stm32cubeide/plugins/com.st.stm32cube.ide.mcu.externaltools.gnu-tools-for-stm32.9-2020-q2-update.win32_1.5.0.202011040924/tools/bin/../lib/gcc/arm-none-eabi/9.3.1/../../../../arm-none-eabi/lib/thumb/v7e-m+fp/hard\libc_nano.a(lib_a-lock.o)
                0x000000000800ce00                __retarget_lock_release_recursive
 .text.memccpy  0x000000000800ce02       0x1e c:/st/stm32cubeide_1.6.1/stm32cubeide/plugins/com.st.stm32cube.ide.mcu.externaltools.gnu-tools-for-stm32.9-2020-q2-update.win32_1.5.0.202011040924/tools/bin/../lib/gcc/arm-none-eabi/9.3.1/../../../../arm-none-eabi/lib/thumb/v7e-m+fp/hard\libc_nano.a(lib_a-memccpy.o)
                0x000000000800ce02                memccpy
 .text.memcpy   0x000000000800ce20       0x1c c:/st/stm32cubeide_1.6.1/stm32cubeide/plugins/com.st.stm32cube.ide.mcu.externaltools.gnu-tools-for-stm32.9-2020-q2-update.win32_1.5.0.202011040924/tools/bin/../lib/gcc/arm-none-eabi/9.3.1/../../../../arm-none-eabi/lib/thumb/v7e-m+fp/hard\libc_nano.a(lib_a-memcpy-stub.o)
                0x000000000800ce20                memcpy
 .text.memset   0x000000000800ce3c       0x10 c:/st/stm32cubeide_1.6.1/stm32cubeide/plugins/com.st.stm32cube.ide.mcu.externaltools.gnu-tools-for-stm32.9-2020-q2-update.win32_1.5.0.202011040924/tools/bin/../lib/gcc/arm-none-eabi/9.3.1/../../../../arm-none-eabi/lib/thumb/v7e-m+fp/hard\libc_nano.a(lib_a-memset.o)
                0x000000000800ce3c                memset
 .text._malloc_r
                0x000000000800ce4c       0xb4 c:/st/stm32cubeide_1.6.1/stm32cubeide/plugins/com.st.stm32cube.ide.mcu.externaltools.gnu-tools-for-stm32.9-2020-q2-update.win32_1.5.0.202011040924/tools/bin/../lib/gcc/arm-none-eabi/9.3.1/../../../../arm-none-eabi/lib/thumb/v7e-m+fp/hard\libc_nano.a(lib_a-nano-mallocr.o)
                0x000000000800ce4c                _malloc_r
 .text.printf   0x000000000800cf00       0x30 c:/st/stm32cubeide_1.6.1/stm32cubeide/plugins/com.st.stm32cube.ide.mcu.externaltools.gnu-tools-for-stm32.9-2020-q2-update.win32_1.5.0.202011040924/tools/bin/../lib/gcc/arm-none-eabi/9.3.1/../../../../arm-none-eabi/lib/thumb/v7e-m+fp/hard\libc_nano.a(lib_a-printf.o)
                0x000000000800cf00                iprintf
                0x000000000800cf00                printf
 .text._puts_r  0x000000000800cf30       0xdc c:/st/stm32cubeide_1.6.1/stm32cubeide/plugins/com.st.stm32cube.ide.mcu.externaltools.gnu-tools-for-stm32.9-2020-q2-update.win32_1.5.0.202011040924/tools/bin/../lib/gcc/arm-none-eabi/9.3.1/../../../../arm-none-eabi/lib/thumb/v7e-m+fp/hard\libc_nano.a(lib_a-puts.o)
                0x000000000800cf30                _puts_r
 .text.puts     0x000000000800d00c       0x10 c:/st/stm32cubeide_1.6.1/stm32cubeide/plugins/com.st.stm32cube.ide.mcu.externaltools.gnu-tools-for-stm32.9-2020-q2-update.win32_1.5.0.202011040924/tools/bin/../lib/gcc/arm-none-eabi/9.3.1/../../../../arm-none-eabi/lib/thumb/v7e-m+fp/hard\libc_nano.a(lib_a-puts.o)
                0x000000000800d00c                puts
 .text.cleanup_glue
                0x000000000800d01c       0x1a c:/st/stm32cubeide_1.6.1/stm32cubeide/plugins/com.st.stm32cube.ide.mcu.externaltools.gnu-tools-for-stm32.9-2020-q2-update.win32_1.5.0.202011040924/tools/bin/../lib/gcc/arm-none-eabi/9.3.1/../../../../arm-none-eabi/lib/thumb/v7e-m+fp/hard\libc_nano.a(lib_a-reent.o)
                0x000000000800d01c                cleanup_glue
 *fill*         0x000000000800d036        0x2 
 .text._reclaim_reent
                0x000000000800d038       0xb8 c:/st/stm32cubeide_1.6.1/stm32cubeide/plugins/com.st.stm32cube.ide.mcu.externaltools.gnu-tools-for-stm32.9-2020-q2-update.win32_1.5.0.202011040924/tools/bin/../lib/gcc/arm-none-eabi/9.3.1/../../../../arm-none-eabi/lib/thumb/v7e-m+fp/hard\libc_nano.a(lib_a-reent.o)
                0x000000000800d038                _reclaim_reent
 .text._sbrk_r  0x000000000800d0f0       0x20 c:/st/stm32cubeide_1.6.1/stm32cubeide/plugins/com.st.stm32cube.ide.mcu.externaltools.gnu-tools-for-stm32.9-2020-q2-update.win32_1.5.0.202011040924/tools/bin/../lib/gcc/arm-none-eabi/9.3.1/../../../../arm-none-eabi/lib/thumb/v7e-m+fp/hard\libc_nano.a(lib_a-sbrkr.o)
                0x000000000800d0f0                _sbrk_r
 .text.setvbuf  0x000000000800d110      0x18c c:/st/stm32cubeide_1.6.1/stm32cubeide/plugins/com.st.stm32cube.ide.mcu.externaltools.gnu-tools-for-stm32.9-2020-q2-update.win32_1.5.0.202011040924/tools/bin/../lib/gcc/arm-none-eabi/9.3.1/../../../../arm-none-eabi/lib/thumb/v7e-m+fp/hard\libc_nano.a(lib_a-setvbuf.o)
                0x000000000800d110                setvbuf
 .text.sprintf  0x000000000800d29c       0x40 c:/st/stm32cubeide_1.6.1/stm32cubeide/plugins/com.st.stm32cube.ide.mcu.externaltools.gnu-tools-for-stm32.9-2020-q2-update.win32_1.5.0.202011040924/tools/bin/../lib/gcc/arm-none-eabi/9.3.1/../../../../arm-none-eabi/lib/thumb/v7e-m+fp/hard\libc_nano.a(lib_a-sprintf.o)
                0x000000000800d29c                siprintf
                0x000000000800d29c                sprintf
 .text.__sread  0x000000000800d2dc       0x22 c:/st/stm32cubeide_1.6.1/stm32cubeide/plugins/com.st.stm32cube.ide.mcu.externaltools.gnu-tools-for-stm32.9-2020-q2-update.win32_1.5.0.202011040924/tools/bin/../lib/gcc/arm-none-eabi/9.3.1/../../../../arm-none-eabi/lib/thumb/v7e-m+fp/hard\libc_nano.a(lib_a-stdio.o)
                0x000000000800d2dc                __sread
 .text.__swrite
                0x000000000800d2fe       0x38 c:/st/stm32cubeide_1.6.1/stm32cubeide/plugins/com.st.stm32cube.ide.mcu.externaltools.gnu-tools-for-stm32.9-2020-q2-update.win32_1.5.0.202011040924/tools/bin/../lib/gcc/arm-none-eabi/9.3.1/../../../../arm-none-eabi/lib/thumb/v7e-m+fp/hard\libc_nano.a(lib_a-stdio.o)
                0x000000000800d2fe                __swrite
 .text.__sseek  0x000000000800d336       0x24 c:/st/stm32cubeide_1.6.1/stm32cubeide/plugins/com.st.stm32cube.ide.mcu.externaltools.gnu-tools-for-stm32.9-2020-q2-update.win32_1.5.0.202011040924/tools/bin/../lib/gcc/arm-none-eabi/9.3.1/../../../../arm-none-eabi/lib/thumb/v7e-m+fp/hard\libc_nano.a(lib_a-stdio.o)
                0x000000000800d336                __sseek
 .text.__sclose
                0x000000000800d35a        0x8 c:/st/stm32cubeide_1.6.1/stm32cubeide/plugins/com.st.stm32cube.ide.mcu.externaltools.gnu-tools-for-stm32.9-2020-q2-update.win32_1.5.0.202011040924/tools/bin/../lib/gcc/arm-none-eabi/9.3.1/../../../../arm-none-eabi/lib/thumb/v7e-m+fp/hard\libc_nano.a(lib_a-stdio.o)
                0x000000000800d35a                __sclose
 *fill*         0x000000000800d362        0x2 
 .text.__swbuf_r
                0x000000000800d364       0xa4 c:/st/stm32cubeide_1.6.1/stm32cubeide/plugins/com.st.stm32cube.ide.mcu.externaltools.gnu-tools-for-stm32.9-2020-q2-update.win32_1.5.0.202011040924/tools/bin/../lib/gcc/arm-none-eabi/9.3.1/../../../../arm-none-eabi/lib/thumb/v7e-m+fp/hard\libc_nano.a(lib_a-wbuf.o)
                0x000000000800d364                __swbuf_r
 .text._write_r
                0x000000000800d408       0x24 c:/st/stm32cubeide_1.6.1/stm32cubeide/plugins/com.st.stm32cube.ide.mcu.externaltools.gnu-tools-for-stm32.9-2020-q2-update.win32_1.5.0.202011040924/tools/bin/../lib/gcc/arm-none-eabi/9.3.1/../../../../arm-none-eabi/lib/thumb/v7e-m+fp/hard\libc_nano.a(lib_a-writer.o)
                0x000000000800d408                _write_r
 .text.__swsetup_r
                0x000000000800d42c       0xdc c:/st/stm32cubeide_1.6.1/stm32cubeide/plugins/com.st.stm32cube.ide.mcu.externaltools.gnu-tools-for-stm32.9-2020-q2-update.win32_1.5.0.202011040924/tools/bin/../lib/gcc/arm-none-eabi/9.3.1/../../../../arm-none-eabi/lib/thumb/v7e-m+fp/hard\libc_nano.a(lib_a-wsetup.o)
                0x000000000800d42c                __swsetup_r
 .text._close_r
                0x000000000800d508       0x20 c:/st/stm32cubeide_1.6.1/stm32cubeide/plugins/com.st.stm32cube.ide.mcu.externaltools.gnu-tools-for-stm32.9-2020-q2-update.win32_1.5.0.202011040924/tools/bin/../lib/gcc/arm-none-eabi/9.3.1/../../../../arm-none-eabi/lib/thumb/v7e-m+fp/hard\libc_nano.a(lib_a-closer.o)
                0x000000000800d508                _close_r
 .text.__sflush_r
                0x000000000800d528      0x10c c:/st/stm32cubeide_1.6.1/stm32cubeide/plugins/com.st.stm32cube.ide.mcu.externaltools.gnu-tools-for-stm32.9-2020-q2-update.win32_1.5.0.202011040924/tools/bin/../lib/gcc/arm-none-eabi/9.3.1/../../../../arm-none-eabi/lib/thumb/v7e-m+fp/hard\libc_nano.a(lib_a-fflush.o)
                0x000000000800d528                __sflush_r
 .text._fflush_r
                0x000000000800d634       0x78 c:/st/stm32cubeide_1.6.1/stm32cubeide/plugins/com.st.stm32cube.ide.mcu.externaltools.gnu-tools-for-stm32.9-2020-q2-update.win32_1.5.0.202011040924/tools/bin/../lib/gcc/arm-none-eabi/9.3.1/../../../../arm-none-eabi/lib/thumb/v7e-m+fp/hard\libc_nano.a(lib_a-fflush.o)
                0x000000000800d634                _fflush_r
 .text._lseek_r
                0x000000000800d6ac       0x24 c:/st/stm32cubeide_1.6.1/stm32cubeide/plugins/com.st.stm32cube.ide.mcu.externaltools.gnu-tools-for-stm32.9-2020-q2-update.win32_1.5.0.202011040924/tools/bin/../lib/gcc/arm-none-eabi/9.3.1/../../../../arm-none-eabi/lib/thumb/v7e-m+fp/hard\libc_nano.a(lib_a-lseekr.o)
                0x000000000800d6ac                _lseek_r
 .text.__swhatbuf_r
                0x000000000800d6d0       0x48 c:/st/stm32cubeide_1.6.1/stm32cubeide/plugins/com.st.stm32cube.ide.mcu.externaltools.gnu-tools-for-stm32.9-2020-q2-update.win32_1.5.0.202011040924/tools/bin/../lib/gcc/arm-none-eabi/9.3.1/../../../../arm-none-eabi/lib/thumb/v7e-m+fp/hard\libc_nano.a(lib_a-makebuf.o)
                0x000000000800d6d0                __swhatbuf_r
 .text.__smakebuf_r
                0x000000000800d718       0x80 c:/st/stm32cubeide_1.6.1/stm32cubeide/plugins/com.st.stm32cube.ide.mcu.externaltools.gnu-tools-for-stm32.9-2020-q2-update.win32_1.5.0.202011040924/tools/bin/../lib/gcc/arm-none-eabi/9.3.1/../../../../arm-none-eabi/lib/thumb/v7e-m+fp/hard\libc_nano.a(lib_a-makebuf.o)
                0x000000000800d718                __smakebuf_r
 .text.malloc   0x000000000800d798       0x10 c:/st/stm32cubeide_1.6.1/stm32cubeide/plugins/com.st.stm32cube.ide.mcu.externaltools.gnu-tools-for-stm32.9-2020-q2-update.win32_1.5.0.202011040924/tools/bin/../lib/gcc/arm-none-eabi/9.3.1/../../../../arm-none-eabi/lib/thumb/v7e-m+fp/hard\libc_nano.a(lib_a-malloc.o)
                0x000000000800d798                malloc
 .text.__malloc_lock
                0x000000000800d7a8        0xc c:/st/stm32cubeide_1.6.1/stm32cubeide/plugins/com.st.stm32cube.ide.mcu.externaltools.gnu-tools-for-stm32.9-2020-q2-update.win32_1.5.0.202011040924/tools/bin/../lib/gcc/arm-none-eabi/9.3.1/../../../../arm-none-eabi/lib/thumb/v7e-m+fp/hard\libc_nano.a(lib_a-mlock.o)
                0x000000000800d7a8                __malloc_lock
 .text.__malloc_unlock
                0x000000000800d7b4        0xc c:/st/stm32cubeide_1.6.1/stm32cubeide/plugins/com.st.stm32cube.ide.mcu.externaltools.gnu-tools-for-stm32.9-2020-q2-update.win32_1.5.0.202011040924/tools/bin/../lib/gcc/arm-none-eabi/9.3.1/../../../../arm-none-eabi/lib/thumb/v7e-m+fp/hard\libc_nano.a(lib_a-mlock.o)
                0x000000000800d7b4                __malloc_unlock
 .text._free_r  0x000000000800d7c0       0xa0 c:/st/stm32cubeide_1.6.1/stm32cubeide/plugins/com.st.stm32cube.ide.mcu.externaltools.gnu-tools-for-stm32.9-2020-q2-update.win32_1.5.0.202011040924/tools/bin/../lib/gcc/arm-none-eabi/9.3.1/../../../../arm-none-eabi/lib/thumb/v7e-m+fp/hard\libc_nano.a(lib_a-nano-freer.o)
                0x000000000800d7c0                _free_r
 .text.__ssputs_r
                0x000000000800d860       0xb6 c:/st/stm32cubeide_1.6.1/stm32cubeide/plugins/com.st.stm32cube.ide.mcu.externaltools.gnu-tools-for-stm32.9-2020-q2-update.win32_1.5.0.202011040924/tools/bin/../lib/gcc/arm-none-eabi/9.3.1/../../../../arm-none-eabi/lib/thumb/v7e-m+fp/hard\libc_nano.a(lib_a-nano-svfprintf.o)
                0x000000000800d860                __ssputs_r
 *fill*         0x000000000800d916        0x2 
 .text._svfprintf_r
                0x000000000800d918      0x200 c:/st/stm32cubeide_1.6.1/stm32cubeide/plugins/com.st.stm32cube.ide.mcu.externaltools.gnu-tools-for-stm32.9-2020-q2-update.win32_1.5.0.202011040924/tools/bin/../lib/gcc/arm-none-eabi/9.3.1/../../../../arm-none-eabi/lib/thumb/v7e-m+fp/hard\libc_nano.a(lib_a-nano-svfprintf.o)
                0x000000000800d918                _svfiprintf_r
                0x000000000800d918                _svfprintf_r
 .text.__sfputc_r
                0x000000000800db18       0x2e c:/st/stm32cubeide_1.6.1/stm32cubeide/plugins/com.st.stm32cube.ide.mcu.externaltools.gnu-tools-for-stm32.9-2020-q2-update.win32_1.5.0.202011040924/tools/bin/../lib/gcc/arm-none-eabi/9.3.1/../../../../arm-none-eabi/lib/thumb/v7e-m+fp/hard\libc_nano.a(lib_a-nano-vfprintf.o)
 .text.__sfputs_r
                0x000000000800db46       0x24 c:/st/stm32cubeide_1.6.1/stm32cubeide/plugins/com.st.stm32cube.ide.mcu.externaltools.gnu-tools-for-stm32.9-2020-q2-update.win32_1.5.0.202011040924/tools/bin/../lib/gcc/arm-none-eabi/9.3.1/../../../../arm-none-eabi/lib/thumb/v7e-m+fp/hard\libc_nano.a(lib_a-nano-vfprintf.o)
                0x000000000800db46                __sfputs_r
 *fill*         0x000000000800db6a        0x2 
 .text._vfprintf_r
                0x000000000800db6c      0x260 c:/st/stm32cubeide_1.6.1/stm32cubeide/plugins/com.st.stm32cube.ide.mcu.externaltools.gnu-tools-for-stm32.9-2020-q2-update.win32_1.5.0.202011040924/tools/bin/../lib/gcc/arm-none-eabi/9.3.1/../../../../arm-none-eabi/lib/thumb/v7e-m+fp/hard\libc_nano.a(lib_a-nano-vfprintf.o)
                0x000000000800db6c                _vfprintf_r
                0x000000000800db6c                _vfiprintf_r
 .text._printf_common
                0x000000000800ddcc       0xda c:/st/stm32cubeide_1.6.1/stm32cubeide/plugins/com.st.stm32cube.ide.mcu.externaltools.gnu-tools-for-stm32.9-2020-q2-update.win32_1.5.0.202011040924/tools/bin/../lib/gcc/arm-none-eabi/9.3.1/../../../../arm-none-eabi/lib/thumb/v7e-m+fp/hard\libc_nano.a(lib_a-nano-vfprintf_i.o)
                0x000000000800ddcc                _printf_common
 *fill*         0x000000000800dea6        0x2 
 .text._printf_i
                0x000000000800dea8      0x24c c:/st/stm32cubeide_1.6.1/stm32cubeide/plugins/com.st.stm32cube.ide.mcu.externaltools.gnu-tools-for-stm32.9-2020-q2-update.win32_1.5.0.202011040924/tools/bin/../lib/gcc/arm-none-eabi/9.3.1/../../../../arm-none-eabi/lib/thumb/v7e-m+fp/hard\libc_nano.a(lib_a-nano-vfprintf_i.o)
                0x000000000800dea8                _printf_i
 .text._read_r  0x000000000800e0f4       0x24 c:/st/stm32cubeide_1.6.1/stm32cubeide/plugins/com.st.stm32cube.ide.mcu.externaltools.gnu-tools-for-stm32.9-2020-q2-update.win32_1.5.0.202011040924/tools/bin/../lib/gcc/arm-none-eabi/9.3.1/../../../../arm-none-eabi/lib/thumb/v7e-m+fp/hard\libc_nano.a(lib_a-readr.o)
                0x000000000800e0f4                _read_r
 .text._fstat_r
                0x000000000800e118       0x24 c:/st/stm32cubeide_1.6.1/stm32cubeide/plugins/com.st.stm32cube.ide.mcu.externaltools.gnu-tools-for-stm32.9-2020-q2-update.win32_1.5.0.202011040924/tools/bin/../lib/gcc/arm-none-eabi/9.3.1/../../../../arm-none-eabi/lib/thumb/v7e-m+fp/hard\libc_nano.a(lib_a-fstatr.o)
                0x000000000800e118                _fstat_r
 .text._isatty_r
                0x000000000800e13c       0x20 c:/st/stm32cubeide_1.6.1/stm32cubeide/plugins/com.st.stm32cube.ide.mcu.externaltools.gnu-tools-for-stm32.9-2020-q2-update.win32_1.5.0.202011040924/tools/bin/../lib/gcc/arm-none-eabi/9.3.1/../../../../arm-none-eabi/lib/thumb/v7e-m+fp/hard\libc_nano.a(lib_a-isattyr.o)
                0x000000000800e13c                _isatty_r
 .text.memmove  0x000000000800e15c       0x34 c:/st/stm32cubeide_1.6.1/stm32cubeide/plugins/com.st.stm32cube.ide.mcu.externaltools.gnu-tools-for-stm32.9-2020-q2-update.win32_1.5.0.202011040924/tools/bin/../lib/gcc/arm-none-eabi/9.3.1/../../../../arm-none-eabi/lib/thumb/v7e-m+fp/hard\libc_nano.a(lib_a-memmove.o)
                0x000000000800e15c                memmove
 .text._realloc_r
                0x000000000800e190       0x4c c:/st/stm32cubeide_1.6.1/stm32cubeide/plugins/com.st.stm32cube.ide.mcu.externaltools.gnu-tools-for-stm32.9-2020-q2-update.win32_1.5.0.202011040924/tools/bin/../lib/gcc/arm-none-eabi/9.3.1/../../../../arm-none-eabi/lib/thumb/v7e-m+fp/hard\libc_nano.a(lib_a-nano-reallocr.o)
                0x000000000800e190                _realloc_r
 .text._malloc_usable_size_r
                0x000000000800e1dc       0x10 c:/st/stm32cubeide_1.6.1/stm32cubeide/plugins/com.st.stm32cube.ide.mcu.externaltools.gnu-tools-for-stm32.9-2020-q2-update.win32_1.5.0.202011040924/tools/bin/../lib/gcc/arm-none-eabi/9.3.1/../../../../arm-none-eabi/lib/thumb/v7e-m+fp/hard\libc_nano.a(lib_a-nano-msizer.o)
                0x000000000800e1dc                _malloc_usable_size_r
 *(.glue_7)
 .glue_7        0x000000000800e1ec        0x0 linker stubs
 *(.glue_7t)
 .glue_7t       0x000000000800e1ec        0x0 linker stubs
 *(.eh_frame)
 .eh_frame      0x000000000800e1ec        0x0 c:/st/stm32cubeide_1.6.1/stm32cubeide/plugins/com.st.stm32cube.ide.mcu.externaltools.gnu-tools-for-stm32.9-2020-q2-update.win32_1.5.0.202011040924/tools/bin/../lib/gcc/arm-none-eabi/9.3.1/thumb/v7e-m+fp/hard/crtbegin.o
 *(.init)
 .init          0x000000000800e1ec        0x4 c:/st/stm32cubeide_1.6.1/stm32cubeide/plugins/com.st.stm32cube.ide.mcu.externaltools.gnu-tools-for-stm32.9-2020-q2-update.win32_1.5.0.202011040924/tools/bin/../lib/gcc/arm-none-eabi/9.3.1/thumb/v7e-m+fp/hard/crti.o
                0x000000000800e1ec                _init
 .init          0x000000000800e1f0        0x8 c:/st/stm32cubeide_1.6.1/stm32cubeide/plugins/com.st.stm32cube.ide.mcu.externaltools.gnu-tools-for-stm32.9-2020-q2-update.win32_1.5.0.202011040924/tools/bin/../lib/gcc/arm-none-eabi/9.3.1/thumb/v7e-m+fp/hard/crtn.o
 *(.fini)
 .fini          0x000000000800e1f8        0x4 c:/st/stm32cubeide_1.6.1/stm32cubeide/plugins/com.st.stm32cube.ide.mcu.externaltools.gnu-tools-for-stm32.9-2020-q2-update.win32_1.5.0.202011040924/tools/bin/../lib/gcc/arm-none-eabi/9.3.1/thumb/v7e-m+fp/hard/crti.o
                0x000000000800e1f8                _fini
 .fini          0x000000000800e1fc        0x8 c:/st/stm32cubeide_1.6.1/stm32cubeide/plugins/com.st.stm32cube.ide.mcu.externaltools.gnu-tools-for-stm32.9-2020-q2-update.win32_1.5.0.202011040924/tools/bin/../lib/gcc/arm-none-eabi/9.3.1/thumb/v7e-m+fp/hard/crtn.o
                0x000000000800e204                . = ALIGN (0x4)
                0x000000000800e204                _etext = .

.vfp11_veneer   0x000000000800e204        0x0
 .vfp11_veneer  0x000000000800e204        0x0 linker stubs

.v4_bx          0x000000000800e204        0x0
 .v4_bx         0x000000000800e204        0x0 linker stubs

.iplt           0x000000000800e204        0x0
 .iplt          0x000000000800e204        0x0 c:/st/stm32cubeide_1.6.1/stm32cubeide/plugins/com.st.stm32cube.ide.mcu.externaltools.gnu-tools-for-stm32.9-2020-q2-update.win32_1.5.0.202011040924/tools/bin/../lib/gcc/arm-none-eabi/9.3.1/thumb/v7e-m+fp/hard/crtbegin.o

.rodata         0x000000000800e204      0x954
                0x000000000800e204                . = ALIGN (0x4)
 *(.rodata)
 .rodata        0x000000000800e204        0xc Core/Src/freertos.o
 .rodata        0x000000000800e210      0x327 Core/Src/main.o
 *fill*         0x000000000800e537        0x1 
 .rodata        0x000000000800e538       0x48 Middlewares/Third_Party/FatFs/src/ff.o
 .rodata        0x000000000800e580        0x5 Middlewares/Third_Party/FreeRTOS/Source/tasks.o
 *fill*         0x000000000800e585        0x3 
 .rodata        0x000000000800e588        0xd Middlewares/Third_Party/FreeRTOS/Source/timers.o
 *(.rodata*)
 *fill*         0x000000000800e595        0x3 
 .rodata.defaultTask_attributes
                0x000000000800e598       0x24 Core/Src/freertos.o
                0x000000000800e598                defaultTask_attributes
 .rodata.ReadFileTask_attributes
                0x000000000800e5bc       0x24 Core/Src/main.o
                0x000000000800e5bc                ReadFileTask_attributes
 .rodata.ParseCommandTas_attributes
                0x000000000800e5e0       0x24 Core/Src/main.o
                0x000000000800e5e0                ParseCommandTas_attributes
 .rodata.StoreMessageTas_attributes
                0x000000000800e604       0x24 Core/Src/main.o
                0x000000000800e604                StoreMessageTas_attributes
 .rodata.QueueCANReceive_attributes
                0x000000000800e628       0x18 Core/Src/main.o
                0x000000000800e628                QueueCANReceive_attributes
 .rodata.QueueCommand_attributes
                0x000000000800e640       0x18 Core/Src/main.o
                0x000000000800e640                QueueCommand_attributes
 .rodata.SemWaitCommand_attributes
                0x000000000800e658       0x10 Core/Src/main.o
                0x000000000800e658                SemWaitCommand_attributes
 .rodata.AHBPrescTable
                0x000000000800e668       0x10 Core/Src/system_stm32f4xx.o
                0x000000000800e668                AHBPrescTable
 .rodata.APBPrescTable
                0x000000000800e678        0x8 Core/Src/system_stm32f4xx.o
                0x000000000800e678                APBPrescTable
 .rodata.ExCvt  0x000000000800e680       0x80 Middlewares/Third_Party/FatFs/src/ff.o
 .rodata.LfnOfs
                0x000000000800e700        0xd Middlewares/Third_Party/FatFs/src/ff.o
 *fill*         0x000000000800e70d        0x3 
 .rodata.Tbl    0x000000000800e710      0x100 Middlewares/Third_Party/FatFs/src/option/ccsbcs.o
 .rodata.cvt1.9940
                0x000000000800e810      0x1f2 Middlewares/Third_Party/FatFs/src/option/ccsbcs.o
 *fill*         0x000000000800ea02        0x2 
 .rodata.cvt2.9941
                0x000000000800ea04       0xbc Middlewares/Third_Party/FatFs/src/option/ccsbcs.o
 .rodata.__sf_fake_stderr
                0x000000000800eac0       0x20 c:/st/stm32cubeide_1.6.1/stm32cubeide/plugins/com.st.stm32cube.ide.mcu.externaltools.gnu-tools-for-stm32.9-2020-q2-update.win32_1.5.0.202011040924/tools/bin/../lib/gcc/arm-none-eabi/9.3.1/../../../../arm-none-eabi/lib/thumb/v7e-m+fp/hard\libc_nano.a(lib_a-findfp.o)
                0x000000000800eac0                __sf_fake_stderr
 .rodata.__sf_fake_stdin
                0x000000000800eae0       0x20 c:/st/stm32cubeide_1.6.1/stm32cubeide/plugins/com.st.stm32cube.ide.mcu.externaltools.gnu-tools-for-stm32.9-2020-q2-update.win32_1.5.0.202011040924/tools/bin/../lib/gcc/arm-none-eabi/9.3.1/../../../../arm-none-eabi/lib/thumb/v7e-m+fp/hard\libc_nano.a(lib_a-findfp.o)
                0x000000000800eae0                __sf_fake_stdin
 .rodata.__sf_fake_stdout
                0x000000000800eb00       0x20 c:/st/stm32cubeide_1.6.1/stm32cubeide/plugins/com.st.stm32cube.ide.mcu.externaltools.gnu-tools-for-stm32.9-2020-q2-update.win32_1.5.0.202011040924/tools/bin/../lib/gcc/arm-none-eabi/9.3.1/../../../../arm-none-eabi/lib/thumb/v7e-m+fp/hard\libc_nano.a(lib_a-findfp.o)
                0x000000000800eb00                __sf_fake_stdout
 .rodata._global_impure_ptr
                0x000000000800eb20        0x4 c:/st/stm32cubeide_1.6.1/stm32cubeide/plugins/com.st.stm32cube.ide.mcu.externaltools.gnu-tools-for-stm32.9-2020-q2-update.win32_1.5.0.202011040924/tools/bin/../lib/gcc/arm-none-eabi/9.3.1/../../../../arm-none-eabi/lib/thumb/v7e-m+fp/hard\libc_nano.a(lib_a-impure.o)
                0x000000000800eb20                _global_impure_ptr
 .rodata._svfprintf_r.str1.1